Archive member included because of file (symbol)

C:/Freescale/CW MCU v10.6/MCU/ARM_GCC_Support/ewl/lib/armv6-m\libc.a(exit.o)
                              ./Project_Settings/Startup_Code/__arm_start.o (exit)
C:/Freescale/CW MCU v10.6/MCU/ARM_GCC_Support/ewl/lib/armv6-m\libc.a(memset.o)
                              ./Project_Settings/Startup_Code/__arm_start.o (memset)
C:/Freescale/CW MCU v10.6/MCU/ARM_GCC_Support/ewl/lib/armv6-m\libc.a(strlen.o)
                              ./Sources/Application.o (strlen)
C:/Freescale/CW MCU v10.6/MCU/ARM_GCC_Support/ewl/lib/armv6-m\libc.a(printformat_.o)
                              (__pformatter_)
C:/Freescale/CW MCU v10.6/MCU/ARM_GCC_Support/ewl/lib/armv6-m\libc.a(scanformat_.o)
                              (__sformatter)
C:/Freescale/CW MCU v10.6/MCU/ARM_GCC_Support/ewl/lib/armv6-m\libc.a(ctype_aeabi.o)
                              C:/Freescale/CW MCU v10.6/MCU/ARM_GCC_Support/ewl/lib/armv6-m\libc.a(scanformat_.o) (isspace)
C:/Freescale/CW MCU v10.6/MCU/ARM_GCC_Support/ewl/lib/armv6-m\libc.a(__strtoul.o)
                              C:/Freescale/CW MCU v10.6/MCU/ARM_GCC_Support/ewl/lib/armv6-m\libc.a(scanformat_.o) (__strtoul)
C:/Freescale/CW MCU v10.6/MCU/ARM_GCC_Support/ewl/lib/armv6-m\libc.a(__filll_mem.o)
                              C:/Freescale/CW MCU v10.6/MCU/ARM_GCC_Support/ewl/lib/armv6-m\libc.a(memset.o) (__fill_mem)
C:/Freescale/CW MCU v10.6/MCU/ARM_GCC_Support/ewl/lib/armv6-m\libc.a(memchr.o)
                              C:/Freescale/CW MCU v10.6/MCU/ARM_GCC_Support/ewl/lib/armv6-m\libc.a(printformat_.o) (memchr)
C:/Freescale/CW MCU v10.6/MCU/ARM_GCC_Support/ewl/lib/armv6-m\libc.a(memcpy.o)
                              C:/Freescale/CW MCU v10.6/MCU/ARM_GCC_Support/ewl/lib/armv6-m\libc.a(scanformat_.o) (memcpy)
C:/Freescale/CW MCU v10.6/MCU/ARM_GCC_Support/ewl/lib/armv6-m\libc.a(strchr.o)
                              C:/Freescale/CW MCU v10.6/MCU/ARM_GCC_Support/ewl/lib/armv6-m\libc.a(printformat_.o) (strchr)
c:/freescale/cw mcu v10.6/cross_tools/arm-none-eabi-gcc-4_7_3/bin/../lib/gcc/arm-none-eabi/4.7.3/armv6-m\libgcc.a(_thumb1_case_sqi.o)
                              C:/Freescale/CW MCU v10.6/MCU/ARM_GCC_Support/ewl/lib/armv6-m\libc.a(__strtoul.o) (__gnu_thumb1_case_sqi)
c:/freescale/cw mcu v10.6/cross_tools/arm-none-eabi-gcc-4_7_3/bin/../lib/gcc/arm-none-eabi/4.7.3/armv6-m\libgcc.a(_thumb1_case_uqi.o)
                              C:/Freescale/CW MCU v10.6/MCU/ARM_GCC_Support/ewl/lib/armv6-m\libc.a(scanformat_.o) (__gnu_thumb1_case_uqi)
c:/freescale/cw mcu v10.6/cross_tools/arm-none-eabi-gcc-4_7_3/bin/../lib/gcc/arm-none-eabi/4.7.3/armv6-m\libgcc.a(_udivsi3.o)
                              C:/Freescale/CW MCU v10.6/MCU/ARM_GCC_Support/ewl/lib/armv6-m\libc.a(printformat_.o) (__aeabi_uidiv)
c:/freescale/cw mcu v10.6/cross_tools/arm-none-eabi-gcc-4_7_3/bin/../lib/gcc/arm-none-eabi/4.7.3/armv6-m\libgcc.a(_divsi3.o)
                              ./Sources/Application.o (__aeabi_idiv)
c:/freescale/cw mcu v10.6/cross_tools/arm-none-eabi-gcc-4_7_3/bin/../lib/gcc/arm-none-eabi/4.7.3/armv6-m\libgcc.a(_dvmd_tls.o)
                              c:/freescale/cw mcu v10.6/cross_tools/arm-none-eabi-gcc-4_7_3/bin/../lib/gcc/arm-none-eabi/4.7.3/armv6-m\libgcc.a(_udivsi3.o) (__aeabi_idiv0)
c:/freescale/cw mcu v10.6/cross_tools/arm-none-eabi-gcc-4_7_3/bin/../lib/gcc/arm-none-eabi/4.7.3/armv6-m\libgcc.a(_arm_cmpsf2.o)
                              ./Generated_Code/servoPWM.o (__aeabi_fcmpgt)
c:/freescale/cw mcu v10.6/cross_tools/arm-none-eabi-gcc-4_7_3/bin/../lib/gcc/arm-none-eabi/4.7.3/armv6-m\libgcc.a(_fixunssfsi.o)
                              ./Generated_Code/servoPWM.o (__aeabi_f2uiz)
c:/freescale/cw mcu v10.6/cross_tools/arm-none-eabi-gcc-4_7_3/bin/../lib/gcc/arm-none-eabi/4.7.3/armv6-m\libgcc.a(eqsf2.o)
                              c:/freescale/cw mcu v10.6/cross_tools/arm-none-eabi-gcc-4_7_3/bin/../lib/gcc/arm-none-eabi/4.7.3/armv6-m\libgcc.a(_arm_cmpsf2.o) (__eqsf2)
c:/freescale/cw mcu v10.6/cross_tools/arm-none-eabi-gcc-4_7_3/bin/../lib/gcc/arm-none-eabi/4.7.3/armv6-m\libgcc.a(gesf2.o)
                              c:/freescale/cw mcu v10.6/cross_tools/arm-none-eabi-gcc-4_7_3/bin/../lib/gcc/arm-none-eabi/4.7.3/armv6-m\libgcc.a(_arm_cmpsf2.o) (__gesf2)
c:/freescale/cw mcu v10.6/cross_tools/arm-none-eabi-gcc-4_7_3/bin/../lib/gcc/arm-none-eabi/4.7.3/armv6-m\libgcc.a(lesf2.o)
                              c:/freescale/cw mcu v10.6/cross_tools/arm-none-eabi-gcc-4_7_3/bin/../lib/gcc/arm-none-eabi/4.7.3/armv6-m\libgcc.a(_arm_cmpsf2.o) (__lesf2)
c:/freescale/cw mcu v10.6/cross_tools/arm-none-eabi-gcc-4_7_3/bin/../lib/gcc/arm-none-eabi/4.7.3/armv6-m\libgcc.a(mulsf3.o)
                              ./Generated_Code/servoPWM.o (__aeabi_fmul)
c:/freescale/cw mcu v10.6/cross_tools/arm-none-eabi-gcc-4_7_3/bin/../lib/gcc/arm-none-eabi/4.7.3/armv6-m\libgcc.a(subsf3.o)
[...]
Memory Configuration

Name             Origin             Length             Attributes
m_interrupts     0x00000000         0x000000c0         xr
m_text           0x00000410         0x0001fbf0         xr
m_data           0x1ffff000         0x00004000         rw
m_cfmprotrom     0x00000400         0x00000010         xr
*default*        0x00000000         0xffffffff

Linker script and memory map

LOAD ./Generated_Code/servoPWM.o
LOAD ./Generated_Code/motor2IN2PWM.o
LOAD ./Generated_Code/motor2IN1PWM.o
LOAD ./Generated_Code/motor1IN2PWM.o
LOAD ./Generated_Code/motor1IN1PWM.o
LOAD ./Generated_Code/enableMotorBit.o
LOAD ./Generated_Code/cameraSIBit.o
LOAD ./Generated_Code/cameraCLKBit.o
LOAD ./Generated_Code/cameraCLK.o
LOAD ./Generated_Code/WAIT1.o
LOAD ./Generated_Code/Vectors.o
LOAD ./Generated_Code/TimerIntLdd1.o
LOAD ./Generated_Code/TU3.o
LOAD ./Generated_Code/TU2.o
LOAD ./Generated_Code/TU1.o
LOAD ./Generated_Code/RxBuf.o
LOAD ./Generated_Code/PE_LDD.o
LOAD ./Generated_Code/Cpu.o
LOAD ./Generated_Code/BitIoLdd2.o
LOAD ./Generated_Code/BitIoLdd1.o
LOAD ./Generated_Code/AdcLdd2.o
LOAD ./Generated_Code/AS1.o
LOAD ./Generated_Code/AD2.o
LOAD ./Project_Settings/Startup_Code/__arm_start.o
LOAD ./Project_Settings/Startup_Code/__arm_end.o
LOAD ./Sources/sa_mtb.o
LOAD ./Sources/main.o
LOAD ./Sources/Motor.o
LOAD ./Sources/Events.o
LOAD ./Sources/Application.o
                0x00003294                __pformatter = __pformatter_
                [0x000036bc]                __sformatter = __sformatter
START GROUP
LOAD C:/Freescale/CW MCU v10.6/MCU/ARM_GCC_Support/ewl/lib/armv6-m\libc.a
LOAD C:/Freescale/CW MCU v10.6/MCU/ARM_GCC_Support/ewl/lib/armv6-m\libm.a
LOAD c:/freescale/cw mcu v10.6/cross_tools/arm-none-eabi-gcc-4_7_3/bin/../lib/gcc/arm-none-eabi/4.7.3/armv6-m\libgcc.a
LOAD C:/Freescale/CW MCU v10.6/MCU/ARM_GCC_Support/ewl/lib/armv6-m\librt.a
LOAD C:/Freescale/CW MCU v10.6/MCU/ARM_GCC_Support/ewl/lib/armv6-m\libuart.a
END GROUP
                0x20003000                _estack = 0x20003000
                0x20003000                __SP_INIT = _estack
                0x00000000                __heap_size = 0x0
                0x00000400                __stack_size = 0x400

.interrupts     0x00000000       0xc0
                0x00000000                __vector_table = .
                0x00000000                . = ALIGN (0x4)
 *(.vectortable)
 .vectortable   0x00000000       0xc0 ./Generated_Code/Vectors.o
                0x00000000                __vect_table
                0x000000c0                . = ALIGN (0x4)

.cfmprotect     0x00000400       0x10
                0x00000400                . = ALIGN (0x4)
 *(.cfmconfig)
 .cfmconfig     0x00000400       0x10 ./Generated_Code/Cpu.o
                0x00000400                _cfm
                0x00000410                . = ALIGN (0x4)

.text           0x00000410     0x3ec4
                0x00000410                . = ALIGN (0x4)
 *(.text)
 .text          0x00000410       0x14 c:/freescale/cw mcu v10.6/cross_tools/arm-none-eabi-gcc-4_7_3/bin/../lib/gcc/arm-none-eabi/4.7.3/armv6-m\libgcc.a(_thumb1_case_sqi.o)
                0x00000410                __gnu_thumb1_case_sqi
 .text          0x00000424       0x14 c:/freescale/cw mcu v10.6/cross_tools/arm-none-eabi-gcc-4_7_3/bin/../lib/gcc/arm-none-eabi/4.7.3/armv6-m\libgcc.a(_thumb1_case_uqi.o)
                0x00000424                __gnu_thumb1_case_uqi
 .text          0x00000438       0x9c c:/freescale/cw mcu v10.6/cross_tools/arm-none-eabi-gcc-4_7_3/bin/../lib/gcc/arm-none-eabi/4.7.3/armv6-m\libgcc.a(_udivsi3.o)
                0x00000438                __aeabi_uidiv
                0x00000438                __udivsi3
                0x000004c0                __aeabi_uidivmod
 .text          0x000004d4       0xc0 c:/freescale/cw mcu v10.6/cross_tools/arm-none-eabi-gcc-4_7_3/bin/../lib/gcc/arm-none-eabi/4.7.3/armv6-m\libgcc.a(_divsi3.o)
                0x000004d4                __divsi3
                0x000004d4                __aeabi_idiv
                0x00000580                __aeabi_idivmod
 .text          0x00000594        0x4 c:/freescale/cw mcu v10.6/cross_tools/arm-none-eabi-gcc-4_7_3/bin/../lib/gcc/arm-none-eabi/4.7.3/armv6-m\libgcc.a(_dvmd_tls.o)
                0x00000594                __aeabi_idiv0
                0x00000594                __aeabi_ldiv0
 .text          0x00000598       0x74 c:/freescale/cw mcu v10.6/cross_tools/arm-none-eabi-gcc-4_7_3/bin/../lib/gcc/arm-none-eabi/4.7.3/armv6-m\libgcc.a(_arm_cmpsf2.o)
                0x00000598                __aeabi_cfrcmple
                0x000005a0                __aeabi_cfcmpeq
                0x000005a0                __aeabi_cfcmple
                0x000005b0                __aeabi_fcmpeq
                0x000005bc                __aeabi_fcmplt
                0x000005d0                __aeabi_fcmple
                0x000005e4                __aeabi_fcmpgt
                0x000005f8                __aeabi_fcmpge
 .text          0x0000060c       0x30 c:/freescale/cw mcu v10.6/cross_tools/arm-none-eabi-gcc-4_7_3/bin/../lib/gcc/arm-none-eabi/4.7.3/armv6-m\libgcc.a(_fixunssfsi.o)
                0x0000060c                __fixunssfsi
                0x0000060c                __aeabi_f2uiz
 .text          0x0000063c       0x50 c:/freescale/cw mcu v10.6/cross_tools/arm-none-eabi-gcc-4_7_3/bin/../lib/gcc/arm-none-eabi/4.7.3/armv6-m\libgcc.a(eqsf2.o)
                0x0000063c                __eqsf2
                0x0000063c                __nesf2
 .text          0x0000068c       0x90 c:/freescale/cw mcu v10.6/cross_tools/arm-none-eabi-gcc-4_7_3/bin/../lib/gcc/arm-none-eabi/4.7.3/armv6-m\libgcc.a(gesf2.o)
                0x0000068c                __gesf2
                0x0000068c                __gtsf2
 .text          0x0000071c       0x90 c:/freescale/cw mcu v10.6/cross_tools/arm-none-eabi-gcc-4_7_3/bin/../lib/gcc/arm-none-eabi/4.7.3/armv6-m\libgcc.a(lesf2.o)
                0x0000071c                __ltsf2
                0x0000071c                __lesf2
 .text          0x000007ac      0x260 c:/freescale/cw mcu v10.6/cross_tools/arm-none-eabi-gcc-4_7_3/bin/../lib/gcc/arm-none-eabi/4.7.3/armv6-m\libgcc.a(mulsf3.o)
                0x000007ac                __aeabi_fmul
 .text          0x00000a0c      0x3ac c:/freescale/cw mcu v10.6/cross_tools/arm-none-eabi-gcc-4_7_3/bin/../lib/gcc/arm-none-eabi/4.7.3/armv6-m\libgcc.a(subsf3.o)
                0x00000a0c                __aeabi_fsub
 .text          0x00000db8       0x40 c:/freescale/cw mcu v10.6/cross_tools/arm-none-eabi-gcc-4_7_3/bin/../lib/gcc/arm-none-eabi/4.7.3/armv6-m\libgcc.a(fixsfsi.o)
                0x00000db8                __aeabi_f2iz
 .text          0x00000df8       0xa8 c:/freescale/cw mcu v10.6/cross_tools/arm-none-eabi-gcc-4_7_3/bin/../lib/gcc/arm-none-eabi/4.7.3/armv6-m\libgcc.a(floatsisf.o)
                0x00000df8                __aeabi_i2f
 .text          0x00000ea0       0x3c c:/freescale/cw mcu v10.6/cross_tools/arm-none-eabi-gcc-4_7_3/bin/../lib/gcc/arm-none-eabi/4.7.3/armv6-m\libgcc.a(_clzsi2.o)
                0x00000ea0                __clzsi2
 *(.text*)
 .text.servoPWM_Init
                0x00000edc       0x58 ./Generated_Code/servoPWM.o
                0x00000edc                servoPWM_Init
 .text.servoPWM_Enable
                0x00000f34       0x30 ./Generated_Code/servoPWM.o
                0x00000f34                servoPWM_Enable
 .text.servoPWM_SetDutyUS
                0x00000f64       0x7c ./Generated_Code/servoPWM.o
                0x00000f64                servoPWM_SetDutyUS
 .text.SetRatio
                0x00000fe0       0x68 ./Generated_Code/servoPWM.o
 .text.motor2IN2PWM_Init
                0x00001048       0x58 ./Generated_Code/motor2IN2PWM.o
                0x00001048                motor2IN2PWM_Init
 .text.motor2IN2PWM_SetRatio8
                0x000010a0       0x34 ./Generated_Code/motor2IN2PWM.o
                0x000010a0                motor2IN2PWM_SetRatio8
 .text.SetRatio
                0x000010d4       0x68 ./Generated_Code/motor2IN2PWM.o
 .text.motor2IN1PWM_Init
                0x0000113c       0x58 ./Generated_Code/motor2IN1PWM.o
                0x0000113c                motor2IN1PWM_Init
 .text.motor2IN1PWM_SetRatio8
                0x00001194       0x34 ./Generated_Code/motor2IN1PWM.o
                0x00001194                motor2IN1PWM_SetRatio8
 .text.SetRatio
                0x000011c8       0x68 ./Generated_Code/motor2IN1PWM.o
 .text.motor1IN2PWM_Init
                0x00001230       0x58 ./Generated_Code/motor1IN2PWM.o
                0x00001230                motor1IN2PWM_Init
 .text.motor1IN2PWM_SetRatio8
                0x00001288       0x34 ./Generated_Code/motor1IN2PWM.o
                0x00001288                motor1IN2PWM_SetRatio8
 .text.SetRatio
                0x000012bc       0x68 ./Generated_Code/motor1IN2PWM.o
 .text.motor1IN1PWM_Init
                0x00001324       0x58 ./Generated_Code/motor1IN1PWM.o
                0x00001324                motor1IN1PWM_Init
 .text.motor1IN1PWM_SetRatio8
                0x0000137c       0x34 ./Generated_Code/motor1IN1PWM.o
                0x0000137c                motor1IN1PWM_SetRatio8
 .text.SetRatio
                0x000013b0       0x68 ./Generated_Code/motor1IN1PWM.o
 .text.enableMotorBit_Init
                0x00001418       0x68 ./Generated_Code/enableMotorBit.o
                0x00001418                enableMotorBit_Init
 .text.enableMotorBit_SetVal
                0x00001480       0x1c ./Generated_Code/enableMotorBit.o
                0x00001480                enableMotorBit_SetVal
 .text.TimerIntLdd1_OnInterrupt
                0x0000149c       0x14 ./Generated_Code/cameraCLK.o
                0x0000149c                TimerIntLdd1_OnInterrupt
 .text.TimerIntLdd1_Init
                0x000014b0       0x50 ./Generated_Code/TimerIntLdd1.o
                0x000014b0                TimerIntLdd1_Init
 .text.TimerIntLdd1_Enable
                0x00001500       0x30 ./Generated_Code/TimerIntLdd1.o
                0x00001500                TimerIntLdd1_Enable
 .text.TimerIntLdd1_SetEventMask
                0x00001530       0x40 ./Generated_Code/TimerIntLdd1.o
                0x00001530                TimerIntLdd1_SetEventMask
 .text.TU3_OnCounterRestart
                0x00001570       0x24 ./Generated_Code/TimerIntLdd1.o
                0x00001570                TU3_OnCounterRestart
 .text.TU3_Init
                0x00001594       0xbc ./Generated_Code/TU3.o
                0x00001594                TU3_Init
 .text.TU3_Enable
                0x00001650       0x28 ./Generated_Code/TU3.o
                0x00001650                TU3_Enable
 .text.TU3_SetEventMask
                0x00001678       0x5c ./Generated_Code/TU3.o
                0x00001678                TU3_SetEventMask
 .text.TU3_Interrupt
                0x000016d4       0x30 ./Generated_Code/TU3.o
                0x000016d4                TU3_Interrupt
 .text.TU2_Init
                0x00001704      0x13c ./Generated_Code/TU2.o
                0x00001704                TU2_Init
 .text.TU2_GetPeriodTicks
                0x00001840       0x3c ./Generated_Code/TU2.o
                0x00001840                TU2_GetPeriodTicks
 .text.TU2_SetOffsetTicks
                0x0000187c       0x58 ./Generated_Code/TU2.o
                0x0000187c                TU2_SetOffsetTicks
 .text.TU1_Init
                0x000018d4       0xcc ./Generated_Code/TU1.o
                0x000018d4                TU1_Init
 .text.TU1_Enable
                0x000019a0       0x30 ./Generated_Code/TU1.o
                0x000019a0                TU1_Enable
 .text.TU1_GetPeriodTicks
                0x000019d0       0x3c ./Generated_Code/TU1.o
                0x000019d0                TU1_GetPeriodTicks
 .text.TU1_SetOffsetTicks
                0x00001a0c       0x58 ./Generated_Code/TU1.o
                0x00001a0c                TU1_SetOffsetTicks
 .text.RxBuf_Put
                0x00001a64       0xc0 ./Generated_Code/RxBuf.o
                0x00001a64                RxBuf_Put
 .text.RxBuf_Init
                0x00001b24       0x28 ./Generated_Code/RxBuf.o
                0x00001b24                RxBuf_Init
 .text.Cpu_INT_NMIInterrupt
                0x00001b4c        0xc ./Generated_Code/Cpu.o
                0x00001b4c                Cpu_INT_NMIInterrupt
 .text.Cpu_ivINT_Hard_Fault
                0x00001b58        0xc ./Generated_Code/Cpu.o
                0x00001b58                Cpu_ivINT_Hard_Fault
 .text.Cpu_ivINT_Reserved4
                0x00001b64        0xc ./Generated_Code/Cpu.o
                0x00001b64                Cpu_ivINT_Reserved4
 .text.Cpu_ivINT_Reserved5
                0x00001b70        0xc ./Generated_Code/Cpu.o
                0x00001b70                Cpu_ivINT_Reserved5
 .text.Cpu_ivINT_Reserved6
                0x00001b7c        0xc ./Generated_Code/Cpu.o
                0x00001b7c                Cpu_ivINT_Reserved6
 .text.Cpu_ivINT_Reserved7
                0x00001b88        0xc ./Generated_Code/Cpu.o
                0x00001b88                Cpu_ivINT_Reserved7
 .text.Cpu_ivINT_Reserved8
                0x00001b94        0xc ./Generated_Code/Cpu.o
                0x00001b94                Cpu_ivINT_Reserved8
 .text.Cpu_ivINT_Reserved9
                0x00001ba0        0xc ./Generated_Code/Cpu.o
                0x00001ba0                Cpu_ivINT_Reserved9
 .text.Cpu_ivINT_Reserved10
                0x00001bac        0xc ./Generated_Code/Cpu.o
                0x00001bac                Cpu_ivINT_Reserved10
 .text.Cpu_ivINT_SVCall
                0x00001bb8        0xc ./Generated_Code/Cpu.o
                0x00001bb8                Cpu_ivINT_SVCall
 .text.Cpu_ivINT_Reserved12
                0x00001bc4        0xc ./Generated_Code/Cpu.o
                0x00001bc4                Cpu_ivINT_Reserved12
 .text.Cpu_ivINT_Reserved13
                0x00001bd0        0xc ./Generated_Code/Cpu.o
                0x00001bd0                Cpu_ivINT_Reserved13
 .text.Cpu_ivINT_PendableSrvReq
                0x00001bdc        0xc ./Generated_Code/Cpu.o
                0x00001bdc                Cpu_ivINT_PendableSrvReq
 .text.Cpu_ivINT_SysTick
                0x00001be8        0xc ./Generated_Code/Cpu.o
                0x00001be8                Cpu_ivINT_SysTick
 .text.Cpu_ivINT_DMA0
                0x00001bf4        0xc ./Generated_Code/Cpu.o
                0x00001bf4                Cpu_ivINT_DMA0
 .text.Cpu_ivINT_DMA1
                0x00001c00        0xc ./Generated_Code/Cpu.o
                0x00001c00                Cpu_ivINT_DMA1
 .text.Cpu_ivINT_DMA2
                0x00001c0c        0xc ./Generated_Code/Cpu.o
                0x00001c0c                Cpu_ivINT_DMA2
 .text.Cpu_ivINT_DMA3
                0x00001c18        0xc ./Generated_Code/Cpu.o
                0x00001c18                Cpu_ivINT_DMA3
 .text.Cpu_ivINT_Reserved20
                0x00001c24        0xc ./Generated_Code/Cpu.o
                0x00001c24                Cpu_ivINT_Reserved20
 .text.Cpu_ivINT_FTFA
                0x00001c30        0xc ./Generated_Code/Cpu.o
                0x00001c30                Cpu_ivINT_FTFA
 .text.Cpu_ivINT_LVD_LVW
                0x00001c3c        0xc ./Generated_Code/Cpu.o
                0x00001c3c                Cpu_ivINT_LVD_LVW
 .text.Cpu_ivINT_LLW
                0x00001c48        0xc ./Generated_Code/Cpu.o
                0x00001c48                Cpu_ivINT_LLW
 .text.Cpu_ivINT_I2C0
                0x00001c54        0xc ./Generated_Code/Cpu.o
                0x00001c54                Cpu_ivINT_I2C0
 .text.Cpu_ivINT_I2C1
                0x00001c60        0xc ./Generated_Code/Cpu.o
                0x00001c60                Cpu_ivINT_I2C1
 .text.Cpu_ivINT_SPI0
                0x00001c6c        0xc ./Generated_Code/Cpu.o
                0x00001c6c                Cpu_ivINT_SPI0
 .text.Cpu_ivINT_SPI1
                0x00001c78        0xc ./Generated_Code/Cpu.o
                0x00001c78                Cpu_ivINT_SPI1
 .text.Cpu_ivINT_UART1
                0x00001c84        0xc ./Generated_Code/Cpu.o
                0x00001c84                Cpu_ivINT_UART1
 .text.Cpu_ivINT_UART2
                0x00001c90        0xc ./Generated_Code/Cpu.o
                0x00001c90                Cpu_ivINT_UART2
 .text.Cpu_ivINT_CMP0
                0x00001c9c        0xc ./Generated_Code/Cpu.o
                0x00001c9c                Cpu_ivINT_CMP0
 .text.Cpu_ivINT_TPM0
                0x00001ca8        0xc ./Generated_Code/Cpu.o
                0x00001ca8                Cpu_ivINT_TPM0
 .text.Cpu_ivINT_TPM1
                0x00001cb4        0xc ./Generated_Code/Cpu.o
                0x00001cb4                Cpu_ivINT_TPM1
 .text.Cpu_ivINT_TPM2
                0x00001cc0        0xc ./Generated_Code/Cpu.o
                0x00001cc0                Cpu_ivINT_TPM2
 .text.Cpu_ivINT_RTC
                0x00001ccc        0xc ./Generated_Code/Cpu.o
                0x00001ccc                Cpu_ivINT_RTC
 .text.Cpu_ivINT_RTC_Seconds
                0x00001cd8        0xc ./Generated_Code/Cpu.o
                0x00001cd8                Cpu_ivINT_RTC_Seconds
 .text.Cpu_ivINT_PIT
                0x00001ce4        0xc ./Generated_Code/Cpu.o
                0x00001ce4                Cpu_ivINT_PIT
 .text.Cpu_ivINT_Reserved39
                0x00001cf0        0xc ./Generated_Code/Cpu.o
                0x00001cf0                Cpu_ivINT_Reserved39
 .text.Cpu_ivINT_USB0
                0x00001cfc        0xc ./Generated_Code/Cpu.o
                0x00001cfc                Cpu_ivINT_USB0
 .text.Cpu_ivINT_DAC0
                0x00001d08        0xc ./Generated_Code/Cpu.o
                0x00001d08                Cpu_ivINT_DAC0
 .text.Cpu_ivINT_TSI0
                0x00001d14        0xc ./Generated_Code/Cpu.o
                0x00001d14                Cpu_ivINT_TSI0
 .text.Cpu_ivINT_MCG
                0x00001d20        0xc ./Generated_Code/Cpu.o
                0x00001d20                Cpu_ivINT_MCG
 .text.Cpu_ivINT_Reserved45
                0x00001d2c        0xc ./Generated_Code/Cpu.o
                0x00001d2c                Cpu_ivINT_Reserved45
 .text.Cpu_ivINT_PORTA
                0x00001d38        0xc ./Generated_Code/Cpu.o
                0x00001d38                Cpu_ivINT_PORTA
 .text.Cpu_ivINT_PORTD
                0x00001d44        0xc ./Generated_Code/Cpu.o
                0x00001d44                Cpu_ivINT_PORTD
 .text.__init_hardware
                0x00001d50      0x120 ./Generated_Code/Cpu.o
                0x00001d50                __init_hardware
 .text.PE_low_level_init
                0x00001e70       0xf0 ./Generated_Code/Cpu.o
                0x00001e70                PE_low_level_init
 .text.BitIoLdd2_Init
                0x00001f60       0x60 ./Generated_Code/BitIoLdd2.o
                0x00001f60                BitIoLdd2_Init
 .text.BitIoLdd2_GetVal
                0x00001fc0       0x28 ./Generated_Code/BitIoLdd2.o
                0x00001fc0                BitIoLdd2_GetVal
 .text.BitIoLdd2_ClrVal
                0x00001fe8       0x18 ./Generated_Code/BitIoLdd2.o
                0x00001fe8                BitIoLdd2_ClrVal
 .text.BitIoLdd2_SetVal
                0x00002000       0x18 ./Generated_Code/BitIoLdd2.o
                0x00002000                BitIoLdd2_SetVal
 .text.BitIoLdd1_Init
                0x00002018       0x60 ./Generated_Code/BitIoLdd1.o
                0x00002018                BitIoLdd1_Init
 .text.BitIoLdd1_GetVal
                0x00002078       0x28 ./Generated_Code/BitIoLdd1.o
                0x00002078                BitIoLdd1_GetVal
 .text.BitIoLdd1_ClrVal
                0x000020a0       0x18 ./Generated_Code/BitIoLdd1.o
                0x000020a0                BitIoLdd1_ClrVal
 .text.BitIoLdd1_NegVal
                0x000020b8       0x18 ./Generated_Code/BitIoLdd1.o
                0x000020b8                BitIoLdd1_NegVal
 .text.AdcLdd2_Init
                0x000020d0       0xc8 ./Generated_Code/AdcLdd2.o
                0x000020d0                AdcLdd2_Init
 .text.AdcLdd2_StartSingleMeasurement
                0x00002198       0x44 ./Generated_Code/AdcLdd2.o
                0x00002198                AdcLdd2_StartSingleMeasurement
 .text.AdcLdd2_CreateSampleGroup
                0x000021dc       0x6c ./Generated_Code/AdcLdd2.o
                0x000021dc                AdcLdd2_CreateSampleGroup
 .text.AdcLdd2_GetMeasuredValues
                0x00002248       0x60 ./Generated_Code/AdcLdd2.o
                0x00002248                AdcLdd2_GetMeasuredValues
 .text.AdcLdd2_GetCalibrationResultStatus
                0x000022a8       0xb8 ./Generated_Code/AdcLdd2.o
                0x000022a8                AdcLdd2_GetCalibrationResultStatus
 .text.AdcLdd2_MeasurementCompleteInterrupt
                0x00002360       0x30 ./Generated_Code/AdcLdd2.o
                0x00002360                AdcLdd2_MeasurementCompleteInterrupt
 .text.AS1_Init
                0x00002390      0x1b0 ./Generated_Code/AS1.o
                0x00002390                AS1_Init
 .text.AS1_ReceiveBlock
                0x00002540       0x98 ./Generated_Code/AS1.o
                0x00002540                AS1_ReceiveBlock
 .text.AS1_SendBlock
                0x000025d8       0xc4 ./Generated_Code/AS1.o
                0x000025d8                AS1_SendBlock
 .text.InterruptRx
                0x0000269c       0x58 ./Generated_Code/AS1.o
 .text.InterruptTx
                0x000026f4       0x80 ./Generated_Code/AS1.o
 .text.AS1_Interrupt
                0x00002774       0x6c ./Generated_Code/AS1.o
                0x00002774                AS1_Interrupt
 .text.AD2_HWEnDi
                0x000027e0       0x48 ./Generated_Code/AD2.o
                0x000027e0                AD2_HWEnDi
 .text.AD2_Measure
                0x00002828       0x48 ./Generated_Code/AD2.o
                0x00002828                AD2_Measure
 .text.PE_AD2_MeasureChan
                0x00002870       0x48 ./Generated_Code/AD2.o
                0x00002870                PE_AD2_MeasureChan
 .text.AD2_GetValue8
                0x000028b8       0x38 ./Generated_Code/AD2.o
                0x000028b8                AD2_GetValue8
 .text.AdcLdd2_OnMeasurementComplete
                0x000028f0       0x5c ./Generated_Code/AD2.o
                0x000028f0                AdcLdd2_OnMeasurementComplete
 .text.AD2_Init
                0x0000294c       0x2c ./Generated_Code/AD2.o
                0x0000294c                AD2_Init
 .text.zero_fill_bss
                0x00002978       0x24 ./Project_Settings/Startup_Code/__arm_start.o
 .text.__thumb_startup
                0x0000299c       0x30 ./Project_Settings/Startup_Code/__arm_start.o
                0x0000299c                __thumb_startup
 .text._ExitProcess
                0x000029cc        0xc ./Project_Settings/Startup_Code/__arm_end.o
                0x000029cc                _ExitProcess
 .text.main     0x000029d8      0x104 ./Sources/main.o
                0x000029d8                main
 .text.enableMotor
                0x00002adc       0x90 ./Sources/Motor.o
                0x00002adc                enableMotor
 .text.setMotor
                0x00002b6c       0xd0 ./Sources/Motor.o
                0x00002b6c                setMotor
 .text.Cpu_OnNMIINT
                0x00002c3c        0x8 ./Sources/Events.o
                0x00002c3c                Cpu_OnNMIINT
 .text.toggleCamera
                0x00002c44       0x58 ./Sources/Events.o
                0x00002c44                toggleCamera
 .text.toggleBuffer
                0x00002c9c       0x24 ./Sources/Events.o
                0x00002c9c                toggleBuffer
 .text.cameraCLK_OnInterrupt
                0x00002cc0      0x124 ./Sources/Events.o
                0x00002cc0                cameraCLK_OnInterrupt
 .text.sMachine_Init
                0x00002de4       0x28 ./Sources/Events.o
                0x00002de4                sMachine_Init
 .text.getCamPixel
                0x00002e0c       0x40 ./Sources/Events.o
                0x00002e0c                getCamPixel
 .text.AS1_OnBlockReceived
                0x00002e4c       0x30 ./Sources/Events.o
                0x00002e4c                AS1_OnBlockReceived
 .text.AS1_OnBlockSent
                0x00002e7c       0x18 ./Sources/Events.o
                0x00002e7c                AS1_OnBlockSent
 .text.AD2_OnEnd
                0x00002e94       0x38 ./Sources/Events.o
                0x00002e94                AD2_OnEnd
 .text.AD2_OnCalibrationEnd
                0x00002ecc        0x8 ./Sources/Events.o
                0x00002ecc                AD2_OnCalibrationEnd
 .text.SendChar
                0x00002ed4       0x40 ./Sources/Application.o
 .text.SendString
                0x00002f14       0x30 ./Sources/Application.o
 .text.Send_String
                0x00002f44       0x20 ./Sources/Application.o
                0x00002f44                Send_String
 .text.Init     0x00002f64       0x50 ./Sources/Application.o
 .text.Serial_Init
                0x00002fb4        0xc ./Sources/Application.o
                0x00002fb4                Serial_Init
 .text.reverse  0x00002fc0       0x64 ./Sources/Application.o
                0x00002fc0                reverse
 .text.itoa     0x00003024       0x80 ./Sources/Application.o
                0x00003024                itoa
 .text.exit     0x000030a4       0x38 C:/Freescale/CW MCU v10.6/MCU/ARM_GCC_Support/ewl/lib/armv6-m\libc.a(exit.o)
                0x000030a4                exit
 .text.memset   0x000030dc        0xc C:/Freescale/CW MCU v10.6/MCU/ARM_GCC_Support/ewl/lib/armv6-m\libc.a(memset.o)
                0x000030dc                memset
 .text.strlen   0x000030e8       0x10 C:/Freescale/CW MCU v10.6/MCU/ARM_GCC_Support/ewl/lib/armv6-m\libc.a(strlen.o)
                0x000030e8                strlen
 .text.long2str.isra.0
                0x000030f8      0x19c C:/Freescale/CW MCU v10.6/MCU/ARM_GCC_Support/ewl/lib/armv6-m\libc.a(printformat_.o)
 .text.__pformatter_
                0x00003294      0x428 C:/Freescale/CW MCU v10.6/MCU/ARM_GCC_Support/ewl/lib/armv6-m\libc.a(printformat_.o)
                0x00003294                __pformatter_
 .text.__sformatter
                0x000036bc      0x698 C:/Freescale/CW MCU v10.6/MCU/ARM_GCC_Support/ewl/lib/armv6-m\libc.a(scanformat_.o)
                0x000036bc                __sformatter
 .text.isalpha  0x00003d54       0x20 C:/Freescale/CW MCU v10.6/MCU/ARM_GCC_Support/ewl/lib/armv6-m\libc.a(ctype_aeabi.o)
                0x00003d54                isalpha
 .text.isspace  0x00003d74       0x20 C:/Freescale/CW MCU v10.6/MCU/ARM_GCC_Support/ewl/lib/armv6-m\libc.a(ctype_aeabi.o)
                0x00003d74                isspace
 .text.toupper  0x00003d94        0xe C:/Freescale/CW MCU v10.6/MCU/ARM_GCC_Support/ewl/lib/armv6-m\libc.a(ctype_aeabi.o)
                0x00003d94                toupper
 .text.__strtoul
                0x00003da2      0x1ce C:/Freescale/CW MCU v10.6/MCU/ARM_GCC_Support/ewl/lib/armv6-m\libc.a(__strtoul.o)
                0x00003da2                __strtoul
 .text.__fill_mem
                0x00003f70       0x7e C:/Freescale/CW MCU v10.6/MCU/ARM_GCC_Support/ewl/lib/armv6-m\libc.a(__filll_mem.o)
                0x00003f70                __fill_mem
 .text.memchr   0x00003fee       0x1a C:/Freescale/CW MCU v10.6/MCU/ARM_GCC_Support/ewl/lib/armv6-m\libc.a(memchr.o)
                0x00003fee                memchr
 .text.memcpy   0x00004008       0x12 C:/Freescale/CW MCU v10.6/MCU/ARM_GCC_Support/ewl/lib/armv6-m\libc.a(memcpy.o)
                0x00004008                memcpy
 .text.strchr   0x0000401a       0x1e C:/Freescale/CW MCU v10.6/MCU/ARM_GCC_Support/ewl/lib/armv6-m\libc.a(strchr.o)
                0x0000401a                strchr
 .text.__init_cpp
                0x00004038       0x48 C:/Freescale/CW MCU v10.6/MCU/ARM_GCC_Support/ewl/lib/armv6-m\librt.a(gcc_ctor_dtor.o)
                0x00004038                __init_cpp
 .text.__fini_cpp
                0x00004080       0x34 C:/Freescale/CW MCU v10.6/MCU/ARM_GCC_Support/ewl/lib/armv6-m\librt.a(gcc_ctor_dtor.o)
                0x00004080                __fini_cpp
 .text.__copy_rom_section
                0x000040b4       0x48 C:/Freescale/CW MCU v10.6/MCU/ARM_GCC_Support/ewl/lib/armv6-m\librt.a(ROMCopy.o)
                0x000040b4                __copy_rom_section
 .text.__copy_rom_sections_to_ram
                0x000040fc       0x34 C:/Freescale/CW MCU v10.6/MCU/ARM_GCC_Support/ewl/lib/armv6-m\librt.a(ROMCopy.o)
                0x000040fc                __copy_rom_sections_to_ram
 .text.__destroy_global_chain
                0x00004130       0x1c C:/Freescale/CW MCU v10.6/MCU/ARM_GCC_Support/ewl/lib/armv6-m\librt.a(__arm_eabi_init.o)
                0x00004130                __destroy_global_chain
 .text.__init_registers
                0x0000414c       0x1c C:/Freescale/CW MCU v10.6/MCU/ARM_GCC_Support/ewl/lib/armv6-m\librt.a(__arm_eabi_init.o)
                0x0000414c                __init_registers
 .text.__init_user
                0x00004168        0x4 C:/Freescale/CW MCU v10.6/MCU/ARM_GCC_Support/ewl/lib/armv6-m\librt.a(__arm_eabi_init.o)
                0x00004168                __init_user
 *(.rodata)
 .rodata        0x0000416c        0x8 ./Sources/main.o
 .rodata        0x00004174       0x40 c:/freescale/cw mcu v10.6/cross_tools/arm-none-eabi-gcc-4_7_3/bin/../lib/gcc/arm-none-eabi/4.7.3/armv6-m\libgcc.a(mulsf3.o)
 *(.rodata*)
 .rodata.ChannelDevice
                0x000041b4        0x4 ./Generated_Code/TU2.o
 .rodata.ChannelMode
                0x000041b8        0x4 ./Generated_Code/TU2.o
 .rodata.ChannelDevice
                0x000041bc        0x4 ./Generated_Code/TU1.o
 .rodata.ChannelMode
                0x000041c0        0x4 ./Generated_Code/TU1.o
 .rodata.ChannelToPin
                0x000041c4        0x4 ./Generated_Code/AdcLdd2.o
 .rodata.str1.1
                0x000041c8        0x1 C:/Freescale/CW MCU v10.6/MCU/ARM_GCC_Support/ewl/lib/armv6-m\libc.a(printformat_.o)
 .rodata.CSWTCH.20
                0x000041c9        0x5 C:/Freescale/CW MCU v10.6/MCU/ARM_GCC_Support/ewl/lib/armv6-m\libc.a(printformat_.o)
 .rodata.CSWTCH.21
                0x000041ce        0x5 C:/Freescale/CW MCU v10.6/MCU/ARM_GCC_Support/ewl/lib/armv6-m\libc.a(printformat_.o)
 .rodata.__aeabi_ctype_table_C
                0x000041d3      0x101 C:/Freescale/CW MCU v10.6/MCU/ARM_GCC_Support/ewl/lib/armv6-m\libc.a(ctype_aeabi.o)
                0x000041d3                __aeabi_ctype_table_C
 *(.glue_7)
 .glue_7        0x00000000        0x0 linker stubs
 *(.glue_7t)
 .glue_7t       0x00000000        0x0 linker stubs
 *(.eh_frame)
 *(.init)
 *(.fini)
                0x000042d4                . = ALIGN (0x4)
                0x000042d4                _etext = .

.vfp11_veneer   0x000042d4        0x0
 .vfp11_veneer  0x00000000        0x0 linker stubs

.v4_bx          0x000042d4        0x0
 .v4_bx         0x00000000        0x0 linker stubs

.iplt           0x000042d4        0x0
 .iplt          0x00000000        0x0 ./Generated_Code/servoPWM.o

.rel.dyn        0x000042d4        0x0
 .rel.iplt      0x00000000        0x0 ./Generated_Code/servoPWM.o

.ARM.extab
 *(.ARM.extab* .gnu.linkonce.armextab.*)

.ARM            0x000042d4        0x0
                0x000042d4                __exidx_start = .
 *(.ARM.exidx*)
                0x000042d4                __exidx_end = .

.ctors          0x000042d4        0x0
                0x000042d4                __CTOR_LIST__ = .
 *crtbegin.o(.ctors)
 *(EXCLUDE_FILE(*crtend.o) .ctors)
 *(SORT(.ctors.*))
 *(.ctors)
                0x000042d4                __CTOR_END__ = .

.dtors          0x000042d4        0x0
                0x000042d4                __DTOR_LIST__ = .
 *crtbegin.o(.dtors)
 *(EXCLUDE_FILE(*crtend.o) .dtors)
 *(SORT(.dtors.*))
 *(.dtors)
                0x000042d4                __DTOR_END__ = .

.preinit_array  0x000042d4        0x0
                0x000042d4                PROVIDE (__preinit_array_start, .)
 *(.preinit_array*)
                0x000042d4                PROVIDE (__preinit_array_end, .)

.init_array     0x000042d4        0x0
                0x000042d4                PROVIDE (__init_array_start, .)
 *(SORT(.init_array.*))
 *(.init_array*)
                0x000042d4                PROVIDE (__init_array_end, .)

.fini_array     0x000042d4        0x0
                0x000042d4                PROVIDE (__fini_array_start, .)
 *(SORT(.fini_array.*))
 *(.fini_array*)
                0x000042d4                PROVIDE (__fini_array_end, .)
                0x000042d4                ___ROM_AT = .

.mtb            0x1ffff000        0x0
                0x1ffff000                . = ALIGN (0x8)
                0x1ffff000                _mtb_start = .
 *(.mtb_buf)
                0x1ffff000                . = ALIGN (0x8)
                0x1ffff000                _mtb_end = .

.data           0x1ffff000        0x0 load address 0x000042d4
                0x1ffff000                . = ALIGN (0x4)
                0x1ffff000                _sdata = .
 *(.data)
 *(.data*)
                0x1ffff000                . = ALIGN (0x4)
                0x1ffff000                _edata = .
                0x00000000                ___data_size = (_edata - _sdata)

.igot.plt       0x1ffff000        0x0
 .igot.plt      0x00000000        0x0 ./Generated_Code/servoPWM.o
                0x1ffff000                . = ALIGN (0x4)

.bss            0x1ffff000      0x494
                0x1ffff000                __START_BSS = .
                0x1ffff000                PROVIDE (__bss_start__, __START_BSS)
 *(.bss)
 *(.bss*)
 .bss.DeviceDataPrv__DEFAULT_RTOS_ALLOC
                0x1ffff000        0xc ./Generated_Code/servoPWM.o
 .bss.DeviceDataPrv__DEFAULT_RTOS_ALLOC
                0x1ffff00c        0xc ./Generated_Code/motor2IN2PWM.o
 .bss.DeviceDataPrv__DEFAULT_RTOS_ALLOC
                0x1ffff018        0xc ./Generated_Code/motor2IN1PWM.o
 .bss.DeviceDataPrv__DEFAULT_RTOS_ALLOC
                0x1ffff024        0xc ./Generated_Code/motor1IN2PWM.o
 .bss.DeviceDataPrv__DEFAULT_RTOS_ALLOC
                0x1ffff030        0xc ./Generated_Code/motor1IN1PWM.o
 .bss.DeviceDataPrv__DEFAULT_RTOS_ALLOC
                0x1ffff03c        0x4 ./Generated_Code/enableMotorBit.o
 .bss.DeviceDataPrv__DEFAULT_RTOS_ALLOC
                0x1ffff040        0xc ./Generated_Code/TimerIntLdd1.o
 .bss.DeviceDataPrv__DEFAULT_RTOS_ALLOC
                0x1ffff04c        0x8 ./Generated_Code/TU3.o
 .bss.INT_LPTimer__DEFAULT_RTOS_ISRPARAM
                0x1ffff054        0x4 ./Generated_Code/TU3.o
 .bss.DeviceDataPrv__DEFAULT_RTOS_ALLOC
                0x1ffff058        0x8 ./Generated_Code/TU2.o
 .bss.DeviceDataPrv__DEFAULT_RTOS_ALLOC
                0x1ffff060        0xc ./Generated_Code/TU1.o
 .bss.RxBuf_buffer
                0x1ffff06c       0x40 ./Generated_Code/RxBuf.o
 .bss.RxBuf_inIdx
                0x1ffff0ac        0x1 ./Generated_Code/RxBuf.o
 .bss.RxBuf_outIdx
                0x1ffff0ad        0x1 ./Generated_Code/RxBuf.o
 .bss.RxBuf_inSize
                0x1ffff0ae        0x1 ./Generated_Code/RxBuf.o
 *fill*         0x1ffff0af        0x1 00
 .bss.PE_LDD_DeviceDataList
                0x1ffff0b0       0x38 ./Generated_Code/PE_LDD.o
                0x1ffff0b0                PE_LDD_DeviceDataList
 .bss.SR_lock   0x1ffff0e8        0x1 ./Generated_Code/Cpu.o
                0x1ffff0e8                SR_lock
 *fill*         0x1ffff0e9        0x3 00
 .bss.DeviceDataPrv__DEFAULT_RTOS_ALLOC
                0x1ffff0ec        0x4 ./Generated_Code/BitIoLdd2.o
 .bss.DeviceDataPrv__DEFAULT_RTOS_ALLOC
                0x1ffff0f0        0x4 ./Generated_Code/BitIoLdd1.o
 .bss.DeviceDataPrv__DEFAULT_RTOS_ALLOC
                0x1ffff0f4        0x8 ./Generated_Code/AdcLdd2.o
 .bss.INT_ADC0__DEFAULT_RTOS_ISRPARAM
                0x1ffff0fc        0x4 ./Generated_Code/AdcLdd2.o
 .bss.DeviceDataPrv__DEFAULT_RTOS_ALLOC
                0x1ffff100       0x18 ./Generated_Code/AS1.o
 .bss.INT_UART0__DEFAULT_RTOS_ISRPARAM
                0x1ffff118        0x4 ./Generated_Code/AS1.o
 .bss.ModeFlg   0x1ffff11c        0x1 ./Generated_Code/AD2.o
 *fill*         0x1ffff11d        0x3 00
 .bss.SampleGroup
                0x1ffff120        0x4 ./Generated_Code/AD2.o
 .bss.OutFlg    0x1ffff124        0x1 ./Generated_Code/AD2.o
 *fill*         0x1ffff125        0x3 00
 .bss.argv      0x1ffff128        0x4 ./Project_Settings/Startup_Code/__arm_start.o
 .bss.vetorCamera
                0x1ffff12c      0x100 ./Sources/main.o
                0x1ffff12c                vetorCamera
 .bss.enabledMotor
                0x1ffff22c        0x1 ./Sources/Motor.o
                0x1ffff22c                enabledMotor
 *fill*         0x1ffff22d        0x3 00
 .bss.vetor_Camera
                0x1ffff230      0x200 ./Sources/Events.o
                0x1ffff230                vetor_Camera
 .bss.togBuffer
                0x1ffff430        0x4 ./Sources/Events.o
                0x1ffff430                togBuffer
 .bss.deviceData
                0x1ffff434        0xc ./Sources/Application.o
 .bss.__stdio_exit
                0x1ffff440        0x4 C:/Freescale/CW MCU v10.6/MCU/ARM_GCC_Support/ewl/lib/armv6-m\libc.a(exit.o)
                0x1ffff440                __stdio_exit
 .bss.__console_exit
                0x1ffff444        0x4 C:/Freescale/CW MCU v10.6/MCU/ARM_GCC_Support/ewl/lib/armv6-m\libc.a(exit.o)
                0x1ffff444                __console_exit
 .bss.__S_romp  0x1ffff448        0xc C:/Freescale/CW MCU v10.6/MCU/ARM_GCC_Support/ewl/lib/armv6-m\librt.a(ROMCopy.o)
 .bss.__global_destructor_chain
                0x1ffff454        0x4 C:/Freescale/CW MCU v10.6/MCU/ARM_GCC_Support/ewl/lib/armv6-m\librt.a(__arm_eabi_init.o)
                0x1ffff454                __global_destructor_chain
 *(COMMON)
 COMMON         0x1ffff458        0x1 ./Generated_Code/Cpu.o
                0x1ffff458                SR_reg
 *fill*         0x1ffff459        0x3 00
 COMMON         0x1ffff45c        0x8 ./Generated_Code/AD2.o
                0x1ffff45c                AD2_OutV
                0x1ffff460                AdcLdd2_DeviceDataPtr
 COMMON         0x1ffff464        0xc ./Sources/main.o
                0x1ffff464                buffer0
 COMMON         0x1ffff470       0x10 ./Sources/Motor.o
                0x1ffff470                motor2IN2PWM_DeviceData
                0x1ffff474                motor1IN1PWM_DeviceData
                0x1ffff478                motor2IN1PWM_DeviceData
                0x1ffff47c                motor1IN2PWM_DeviceData
 COMMON         0x1ffff480       0x14 ./Sources/Events.o
                0x1ffff480                mEstados
                0x1ffff484                i
                0x1ffff488                soma
                0x1ffff48c                leituraCamera
                0x1ffff490                contClocks
                0x1ffff494                . = ALIGN (0x4)
                0x1ffff494                __END_BSS = .
                0x1ffff494                PROVIDE (__bss_end__, __END_BSS)
                0x000042d4                _romp_at = (___ROM_AT + SIZEOF (.data))

.romp           0x1ffff494       0x18 load address 0x000042d4
                0x000042d4                __S_romp = _romp_at
                0x1ffff494        0x4 LONG 0x42d4 ___ROM_AT
                0x1ffff498        0x4 LONG 0x1ffff000 _sdata
                0x1ffff49c        0x4 LONG 0x0 ___data_size
                0x1ffff4a0        0x4 LONG 0x0
                0x1ffff4a4        0x4 LONG 0x0
                0x1ffff4a8        0x4 LONG 0x0

._user_heap_stack
                0x1ffff4ac      0x400 load address 0x000042ec
                0x1ffff4ac                . = ALIGN (0x4)
                0x1ffff4ac                PROVIDE (end, .)
                0x1ffff4ac                PROVIDE (_end, .)
                0x1ffff4ac                __heap_addr = .
                0x1ffff4ac                . = (. + __heap_size)
                0x1ffff8ac                . = (. + __stack_size)
 *fill*         0x1ffff4ac      0x400 00
                0x1ffff8ac                . = ALIGN (0x4)

.ARM.attributes
                0x00000000       0x31
 *(.ARM.attributes)
 .ARM.attributes
                0x00000000       0x31 ./Generated_Code/servoPWM.o
 .ARM.attributes
                0x00000031       0x31 ./Generated_Code/motor2IN2PWM.o
 .ARM.attributes
                0x00000062       0x31 ./Generated_Code/motor2IN1PWM.o
 .ARM.attributes
                0x00000093       0x31 ./Generated_Code/motor1IN2PWM.o
 .ARM.attributes
                0x000000c4       0x31 ./Generated_Code/motor1IN1PWM.o
 .ARM.attributes
                0x000000f5       0x31 ./Generated_Code/enableMotorBit.o
 .ARM.attributes
                0x00000126       0x31 ./Generated_Code/cameraCLK.o
 .ARM.attributes
                0x00000157       0x31 ./Generated_Code/Vectors.o
 .ARM.attributes
                0x00000188       0x31 ./Generated_Code/TimerIntLdd1.o
 .ARM.attributes
                0x000001b9       0x31 ./Generated_Code/TU3.o
 .ARM.attributes
                0x000001ea       0x31 ./Generated_Code/TU2.o
 .ARM.attributes
                0x0000021b       0x31 ./Generated_Code/TU1.o
 .ARM.attributes
                0x0000024c       0x31 ./Generated_Code/RxBuf.o
 .ARM.attributes
                0x0000027d       0x31 ./Generated_Code/PE_LDD.o
 .ARM.attributes
                0x000002ae       0x31 ./Generated_Code/Cpu.o
 .ARM.attributes
                0x000002df       0x31 ./Generated_Code/BitIoLdd2.o
 .ARM.attributes
                0x00000310       0x31 ./Generated_Code/BitIoLdd1.o
 .ARM.attributes
                0x00000341       0x31 ./Generated_Code/AdcLdd2.o
 .ARM.attributes
                0x00000372       0x31 ./Generated_Code/AS1.o
 .ARM.attributes
                0x000003a3       0x31 ./Generated_Code/AD2.o
 .ARM.attributes
                0x000003d4       0x31 ./Project_Settings/Startup_Code/__arm_start.o
 .ARM.attributes
                0x00000405       0x31 ./Project_Settings/Startup_Code/__arm_end.o
 .ARM.attributes
                0x00000436       0x31 ./Sources/main.o
 .ARM.attributes
                0x00000467       0x31 ./Sources/Motor.o
 .ARM.attributes
                0x00000498       0x31 ./Sources/Events.o
 .ARM.attributes
                0x000004c9       0x31 ./Sources/Application.o
 .ARM.attributes
                0x000004fa       0x31 C:/Freescale/CW MCU v10.6/MCU/ARM_GCC_Support/ewl/lib/armv6-m\libc.a(exit.o)
 .ARM.attributes
                0x0000052b       0x31 C:/Freescale/CW MCU v10.6/MCU/ARM_GCC_Support/ewl/lib/armv6-m\libc.a(memset.o)
 .ARM.attributes
                0x0000055c       0x31 C:/Freescale/CW MCU v10.6/MCU/ARM_GCC_Support/ewl/lib/armv6-m\libc.a(strlen.o)
 .ARM.attributes
                0x0000058d       0x31 C:/Freescale/CW MCU v10.6/MCU/ARM_GCC_Support/ewl/lib/armv6-m\libc.a(printformat_.o)
 .ARM.attributes
                0x000005be       0x31 C:/Freescale/CW MCU v10.6/MCU/ARM_GCC_Support/ewl/lib/armv6-m\libc.a(scanformat_.o)
 .ARM.attributes
                0x000005ef       0x31 C:/Freescale/CW MCU v10.6/MCU/ARM_GCC_Support/ewl/lib/armv6-m\libc.a(ctype_aeabi.o)
 .ARM.attributes
                0x00000620       0x31 C:/Freescale/CW MCU v10.6/MCU/ARM_GCC_Support/ewl/lib/armv6-m\libc.a(__strtoul.o)
 .ARM.attributes
                0x00000651       0x31 C:/Freescale/CW MCU v10.6/MCU/ARM_GCC_Support/ewl/lib/armv6-m\libc.a(__filll_mem.o)
 .ARM.attributes
                0x00000682       0x31 C:/Freescale/CW MCU v10.6/MCU/ARM_GCC_Support/ewl/lib/armv6-m\libc.a(memchr.o)
 .ARM.attributes
                0x000006b3       0x31 C:/Freescale/CW MCU v10.6/MCU/ARM_GCC_Support/ewl/lib/armv6-m\libc.a(memcpy.o)
 .ARM.attributes
                0x000006e4       0x31 C:/Freescale/CW MCU v10.6/MCU/ARM_GCC_Support/ewl/lib/armv6-m\libc.a(strchr.o)
 .ARM.attributes
                0x00000715       0x1e c:/freescale/cw mcu v10.6/cross_tools/arm-none-eabi-gcc-4_7_3/bin/../lib/gcc/arm-none-eabi/4.7.3/armv6-m\libgcc.a(_thumb1_case_sqi.o)
 .ARM.attributes
                0x00000733       0x1e c:/freescale/cw mcu v10.6/cross_tools/arm-none-eabi-gcc-4_7_3/bin/../lib/gcc/arm-none-eabi/4.7.3/armv6-m\libgcc.a(_thumb1_case_uqi.o)
 .ARM.attributes
                0x00000751       0x1e c:/freescale/cw mcu v10.6/cross_tools/arm-none-eabi-gcc-4_7_3/bin/../lib/gcc/arm-none-eabi/4.7.3/armv6-m\libgcc.a(_udivsi3.o)
 .ARM.attributes
                0x0000076f       0x1e c:/freescale/cw mcu v10.6/cross_tools/arm-none-eabi-gcc-4_7_3/bin/../lib/gcc/arm-none-eabi/4.7.3/armv6-m\libgcc.a(_divsi3.o)
 .ARM.attributes
                0x0000078d       0x1e c:/freescale/cw mcu v10.6/cross_tools/arm-none-eabi-gcc-4_7_3/bin/../lib/gcc/arm-none-eabi/4.7.3/armv6-m\libgcc.a(_dvmd_tls.o)
 .ARM.attributes
                0x000007ab       0x1e c:/freescale/cw mcu v10.6/cross_tools/arm-none-eabi-gcc-4_7_3/bin/../lib/gcc/arm-none-eabi/4.7.3/armv6-m\libgcc.a(_arm_cmpsf2.o)
 .ARM.attributes
                0x000007c9       0x2c c:/freescale/cw mcu v10.6/cross_tools/arm-none-eabi-gcc-4_7_3/bin/../lib/gcc/arm-none-eabi/4.7.3/armv6-m\libgcc.a(_fixunssfsi.o)
 .ARM.attributes
                0x000007f5       0x2c c:/freescale/cw mcu v10.6/cross_tools/arm-none-eabi-gcc-4_7_3/bin/../lib/gcc/arm-none-eabi/4.7.3/armv6-m\libgcc.a(eqsf2.o)
 .ARM.attributes
                0x00000821       0x2c c:/freescale/cw mcu v10.6/cross_tools/arm-none-eabi-gcc-4_7_3/bin/../lib/gcc/arm-none-eabi/4.7.3/armv6-m\libgcc.a(gesf2.o)
 .ARM.attributes
                0x0000084d       0x2c c:/freescale/cw mcu v10.6/cross_tools/arm-none-eabi-gcc-4_7_3/bin/../lib/gcc/arm-none-eabi/4.7.3/armv6-m\libgcc.a(lesf2.o)
 .ARM.attributes
                0x00000879       0x2c c:/freescale/cw mcu v10.6/cross_tools/arm-none-eabi-gcc-4_7_3/bin/../lib/gcc/arm-none-eabi/4.7.3/armv6-m\libgcc.a(mulsf3.o)
 .ARM.attributes
                0x000008a5       0x2c c:/freescale/cw mcu v10.6/cross_tools/arm-none-eabi-gcc-4_7_3/bin/../lib/gcc/arm-none-eabi/4.7.3/armv6-m\libgcc.a(subsf3.o)
 .ARM.attributes
                0x000008d1       0x2c c:/freescale/cw mcu v10.6/cross_tools/arm-none-eabi-gcc-4_7_3/bin/../lib/gcc/arm-none-eabi/4.7.3/armv6-m\libgcc.a(fixsfsi.o)
 .ARM.attributes
                0x000008fd       0x2c c:/freescale/cw mcu v10.6/cross_tools/arm-none-eabi-gcc-4_7_3/bin/../lib/gcc/arm-none-eabi/4.7.3/armv6-m\libgcc.a(floatsisf.o)
 .ARM.attributes
                0x00000929       0x1e c:/freescale/cw mcu v10.6/cross_tools/arm-none-eabi-gcc-4_7_3/bin/../lib/gcc/arm-none-eabi/4.7.3/armv6-m\libgcc.a(_clzsi2.o)
 .ARM.attributes
                0x00000947       0x31 C:/Freescale/CW MCU v10.6/MCU/ARM_GCC_Support/ewl/lib/armv6-m\librt.a(gcc_ctor_dtor.o)
 .ARM.attributes
                0x00000978       0x31 C:/Freescale/CW MCU v10.6/MCU/ARM_GCC_Support/ewl/lib/armv6-m\librt.a(ROMCopy.o)
 .ARM.attributes
                0x000009a9       0x31 C:/Freescale/CW MCU v10.6/MCU/ARM_GCC_Support/ewl/lib/armv6-m\librt.a(__arm_eabi_init.o)
OUTPUT(TFC2014.elf elf32-littlearm)

.debug_info     0x00000000     0x7e14
 .debug_info    0x00000000      0x29d ./Generated_Code/servoPWM.o
 .debug_info    0x0000029d      0x2c9 ./Generated_Code/motor2IN2PWM.o
 .debug_info    0x00000566      0x2c9 ./Generated_Code/motor2IN1PWM.o
 .debug_info    0x0000082f      0x2c9 ./Generated_Code/motor1IN2PWM.o
 .debug_info    0x00000af8      0x2c9 ./Generated_Code/motor1IN1PWM.o
 .debug_info    0x00000dc1      0x399 ./Generated_Code/enableMotorBit.o
 .debug_info    0x0000115a       0xa7 ./Generated_Code/cameraCLK.o
 .debug_info    0x00001201      0x104 ./Generated_Code/Vectors.o
 .debug_info    0x00001305      0x263 ./Generated_Code/TimerIntLdd1.o
 .debug_info    0x00001568      0x5a4 ./Generated_Code/TU3.o
 .debug_info    0x00001b0c      0x6e5 ./Generated_Code/TU2.o
 .debug_info    0x000021f1      0x799 ./Generated_Code/TU1.o
 .debug_info    0x0000298a      0x1f0 ./Generated_Code/RxBuf.o
 .debug_info    0x00002b7a      0x24e ./Generated_Code/PE_LDD.o
 .debug_info    0x00002dc8      0xc61 ./Generated_Code/Cpu.o
 .debug_info    0x00003a29      0x3c3 ./Generated_Code/BitIoLdd2.o
 .debug_info    0x00003dec      0x399 ./Generated_Code/BitIoLdd1.o
 .debug_info    0x00004185      0x967 ./Generated_Code/AdcLdd2.o
 .debug_info    0x00004aec      0x7e3 ./Generated_Code/AS1.o
 .debug_info    0x000052cf      0x2cf ./Generated_Code/AD2.o
 .debug_info    0x0000559e      0x12a ./Project_Settings/Startup_Code/__arm_start.o
 .debug_info    0x000056c8       0x54 ./Project_Settings/Startup_Code/__arm_end.o
 .debug_info    0x0000571c      0x339 ./Sources/main.o
 .debug_info    0x00005a55      0x19a ./Sources/Motor.o
 .debug_info    0x00005bef      0x361 ./Sources/Events.o
 .debug_info    0x00005f50      0x2ac ./Sources/Application.o
 .debug_info    0x000061fc       0xe8 C:/Freescale/CW MCU v10.6/MCU/ARM_GCC_Support/ewl/lib/armv6-m\libc.a(exit.o)
 .debug_info    0x000062e4       0xec C:/Freescale/CW MCU v10.6/MCU/ARM_GCC_Support/ewl/lib/armv6-m\libc.a(memset.o)
 .debug_info    0x000063d0       0xea C:/Freescale/CW MCU v10.6/MCU/ARM_GCC_Support/ewl/lib/armv6-m\libc.a(strlen.o)
 .debug_info    0x000064ba      0x50d C:/Freescale/CW MCU v10.6/MCU/ARM_GCC_Support/ewl/lib/armv6-m\libc.a(printformat_.o)
 .debug_info    0x000069c7      0x568 C:/Freescale/CW MCU v10.6/MCU/ARM_GCC_Support/ewl/lib/armv6-m\libc.a(scanformat_.o)
 .debug_info    0x00006f2f      0x313 C:/Freescale/CW MCU v10.6/MCU/ARM_GCC_Support/ewl/lib/armv6-m\libc.a(ctype_aeabi.o)
 .debug_info    0x00007242      0x1d6 C:/Freescale/CW MCU v10.6/MCU/ARM_GCC_Support/ewl/lib/armv6-m\libc.a(__strtoul.o)
 .debug_info    0x00007418      0x137 C:/Freescale/CW MCU v10.6/MCU/ARM_GCC_Support/ewl/lib/armv6-m\libc.a(__filll_mem.o)
 .debug_info    0x0000754f      0x121 C:/Freescale/CW MCU v10.6/MCU/ARM_GCC_Support/ewl/lib/armv6-m\libc.a(memchr.o)
 .debug_info    0x00007670      0x10f C:/Freescale/CW MCU v10.6/MCU/ARM_GCC_Support/ewl/lib/armv6-m\libc.a(memcpy.o)
 .debug_info    0x0000777f      0x10b C:/Freescale/CW MCU v10.6/MCU/ARM_GCC_Support/ewl/lib/armv6-m\libc.a(strchr.o)
 .debug_info    0x0000788a      0x136 C:/Freescale/CW MCU v10.6/MCU/ARM_GCC_Support/ewl/lib/armv6-m\librt.a(gcc_ctor_dtor.o)
 .debug_info    0x000079c0      0x19b C:/Freescale/CW MCU v10.6/MCU/ARM_GCC_Support/ewl/lib/armv6-m\librt.a(ROMCopy.o)
 .debug_info    0x00007b5b      0x2b9 C:/Freescale/CW MCU v10.6/MCU/ARM_GCC_Support/ewl/lib/armv6-m\librt.a(__arm_eabi_init.o)

.debug_abbrev   0x00000000     0x2842
 .debug_abbrev  0x00000000       0xfb ./Generated_Code/servoPWM.o
 .debug_abbrev  0x000000fb      0x114 ./Generated_Code/motor2IN2PWM.o
 .debug_abbrev  0x0000020f      0x114 ./Generated_Code/motor2IN1PWM.o
 .debug_abbrev  0x00000323      0x114 ./Generated_Code/motor1IN2PWM.o
 .debug_abbrev  0x00000437      0x114 ./Generated_Code/motor1IN1PWM.o
 .debug_abbrev  0x0000054b      0x12b ./Generated_Code/enableMotorBit.o
 .debug_abbrev  0x00000676       0x60 ./Generated_Code/cameraCLK.o
 .debug_abbrev  0x000006d6       0xa3 ./Generated_Code/Vectors.o
 .debug_abbrev  0x00000779       0xf0 ./Generated_Code/TimerIntLdd1.o
 .debug_abbrev  0x00000869      0x16b ./Generated_Code/TU3.o
 .debug_abbrev  0x000009d4      0x17e ./Generated_Code/TU2.o
 .debug_abbrev  0x00000b52      0x17e ./Generated_Code/TU1.o
 .debug_abbrev  0x00000cd0       0xe3 ./Generated_Code/RxBuf.o
 .debug_abbrev  0x00000db3      0x102 ./Generated_Code/PE_LDD.o
 .debug_abbrev  0x00000eb5      0x137 ./Generated_Code/Cpu.o
 .debug_abbrev  0x00000fec      0x151 ./Generated_Code/BitIoLdd2.o
 .debug_abbrev  0x0000113d      0x12b ./Generated_Code/BitIoLdd1.o
 .debug_abbrev  0x00001268      0x1a6 ./Generated_Code/AdcLdd2.o
 .debug_abbrev  0x0000140e      0x189 ./Generated_Code/AS1.o
 .debug_abbrev  0x00001597      0x13c ./Generated_Code/AD2.o
 .debug_abbrev  0x000016d3       0x92 ./Project_Settings/Startup_Code/__arm_start.o
 .debug_abbrev  0x00001765       0x4c ./Project_Settings/Startup_Code/__arm_end.o
 .debug_abbrev  0x000017b1       0xfe ./Sources/main.o
 .debug_abbrev  0x000018af       0xc7 ./Sources/Motor.o
 .debug_abbrev  0x00001976      0x180 ./Sources/Events.o
 .debug_abbrev  0x00001af6      0x11e ./Sources/Application.o
 .debug_abbrev  0x00001c14       0x7a C:/Freescale/CW MCU v10.6/MCU/ARM_GCC_Support/ewl/lib/armv6-m\libc.a(exit.o)
 .debug_abbrev  0x00001c8e       0x62 C:/Freescale/CW MCU v10.6/MCU/ARM_GCC_Support/ewl/lib/armv6-m\libc.a(memset.o)
 .debug_abbrev  0x00001cf0       0x7a C:/Freescale/CW MCU v10.6/MCU/ARM_GCC_Support/ewl/lib/armv6-m\libc.a(strlen.o)
 .debug_abbrev  0x00001d6a      0x200 C:/Freescale/CW MCU v10.6/MCU/ARM_GCC_Support/ewl/lib/armv6-m\libc.a(printformat_.o)
 .debug_abbrev  0x00001f6a      0x1f0 C:/Freescale/CW MCU v10.6/MCU/ARM_GCC_Support/ewl/lib/armv6-m\libc.a(scanformat_.o)
 .debug_abbrev  0x0000215a       0x9e C:/Freescale/CW MCU v10.6/MCU/ARM_GCC_Support/ewl/lib/armv6-m\libc.a(ctype_aeabi.o)
 .debug_abbrev  0x000021f8       0xc2 C:/Freescale/CW MCU v10.6/MCU/ARM_GCC_Support/ewl/lib/armv6-m\libc.a(__strtoul.o)
 .debug_abbrev  0x000022ba       0x78 C:/Freescale/CW MCU v10.6/MCU/ARM_GCC_Support/ewl/lib/armv6-m\libc.a(__filll_mem.o)
 .debug_abbrev  0x00002332       0x95 C:/Freescale/CW MCU v10.6/MCU/ARM_GCC_Support/ewl/lib/armv6-m\libc.a(memchr.o)
 .debug_abbrev  0x000023c7       0x95 C:/Freescale/CW MCU v10.6/MCU/ARM_GCC_Support/ewl/lib/armv6-m\libc.a(memcpy.o)
 .debug_abbrev  0x0000245c       0x7a C:/Freescale/CW MCU v10.6/MCU/ARM_GCC_Support/ewl/lib/armv6-m\libc.a(strchr.o)
 .debug_abbrev  0x000024d6       0x99 C:/Freescale/CW MCU v10.6/MCU/ARM_GCC_Support/ewl/lib/armv6-m\librt.a(gcc_ctor_dtor.o)
 .debug_abbrev  0x0000256f      0x120 C:/Freescale/CW MCU v10.6/MCU/ARM_GCC_Support/ewl/lib/armv6-m\librt.a(ROMCopy.o)
 .debug_abbrev  0x0000268f      0x1b3 C:/Freescale/CW MCU v10.6/MCU/ARM_GCC_Support/ewl/lib/armv6-m\librt.a(__arm_eabi_init.o)

.debug_loc      0x00000000     0x493b
 .debug_loc     0x00000000      0x118 ./Generated_Code/servoPWM.o
 .debug_loc     0x00000118      0x118 ./Generated_Code/motor2IN2PWM.o
 .debug_loc     0x00000230      0x118 ./Generated_Code/motor2IN1PWM.o
 .debug_loc     0x00000348      0x118 ./Generated_Code/motor1IN2PWM.o
 .debug_loc     0x00000460      0x118 ./Generated_Code/motor1IN1PWM.o
 .debug_loc     0x00000578      0x118 ./Generated_Code/enableMotorBit.o
 .debug_loc     0x00000690       0x38 ./Generated_Code/cameraCLK.o
 .debug_loc     0x000006c8      0x118 ./Generated_Code/TimerIntLdd1.o
 .debug_loc     0x000007e0      0x118 ./Generated_Code/TU3.o
 .debug_loc     0x000008f8      0x150 ./Generated_Code/TU2.o
 .debug_loc     0x00000a48      0x1f8 ./Generated_Code/TU1.o
 .debug_loc     0x00000c40       0xf4 ./Generated_Code/RxBuf.o
 .debug_loc     0x00000d34       0x9c ./Generated_Code/PE_LDD.o
 .debug_loc     0x00000dd0      0x7bc ./Generated_Code/Cpu.o
 .debug_loc     0x0000158c      0x150 ./Generated_Code/BitIoLdd2.o
 .debug_loc     0x000016dc      0x118 ./Generated_Code/BitIoLdd1.o
 .debug_loc     0x000017f4      0x1f8 ./Generated_Code/AdcLdd2.o
 .debug_loc     0x000019ec      0x150 ./Generated_Code/AS1.o
 .debug_loc     0x00001b3c      0x1e0 ./Generated_Code/AD2.o
 .debug_loc     0x00001d1c       0x2c ./Project_Settings/Startup_Code/__arm_start.o
 .debug_loc     0x00001d48       0x38 ./Project_Settings/Startup_Code/__arm_end.o
 .debug_loc     0x00001d80       0x38 ./Sources/main.o
 .debug_loc     0x00001db8       0xbc ./Sources/Motor.o
 .debug_loc     0x00001e74      0x234 ./Sources/Events.o
 .debug_loc     0x000020a8      0x1a8 ./Sources/Application.o
 .debug_loc     0x00002250       0x3e C:/Freescale/CW MCU v10.6/MCU/ARM_GCC_Support/ewl/lib/armv6-m\libc.a(exit.o)
 .debug_loc     0x0000228e       0x6f C:/Freescale/CW MCU v10.6/MCU/ARM_GCC_Support/ewl/lib/armv6-m\libc.a(memset.o)
 .debug_loc     0x000022fd       0x33 C:/Freescale/CW MCU v10.6/MCU/ARM_GCC_Support/ewl/lib/armv6-m\libc.a(strlen.o)
 .debug_loc     0x00002330     0x104b C:/Freescale/CW MCU v10.6/MCU/ARM_GCC_Support/ewl/lib/armv6-m\libc.a(printformat_.o)
 .debug_loc     0x0000337b      0x9d8 C:/Freescale/CW MCU v10.6/MCU/ARM_GCC_Support/ewl/lib/armv6-m\libc.a(scanformat_.o)
 .debug_loc     0x00003d53      0x30d C:/Freescale/CW MCU v10.6/MCU/ARM_GCC_Support/ewl/lib/armv6-m\libc.a(ctype_aeabi.o)
 .debug_loc     0x00004060      0x305 C:/Freescale/CW MCU v10.6/MCU/ARM_GCC_Support/ewl/lib/armv6-m\libc.a(__strtoul.o)
 .debug_loc     0x00004365      0x14a C:/Freescale/CW MCU v10.6/MCU/ARM_GCC_Support/ewl/lib/armv6-m\libc.a(__filll_mem.o)
 .debug_loc     0x000044af       0x77 C:/Freescale/CW MCU v10.6/MCU/ARM_GCC_Support/ewl/lib/armv6-m\libc.a(memchr.o)
 .debug_loc     0x00004526       0x59 C:/Freescale/CW MCU v10.6/MCU/ARM_GCC_Support/ewl/lib/armv6-m\libc.a(memcpy.o)
 .debug_loc     0x0000457f       0xaf C:/Freescale/CW MCU v10.6/MCU/ARM_GCC_Support/ewl/lib/armv6-m\libc.a(strchr.o)
 .debug_loc     0x0000462e       0x9d C:/Freescale/CW MCU v10.6/MCU/ARM_GCC_Support/ewl/lib/armv6-m\librt.a(gcc_ctor_dtor.o)
 .debug_loc     0x000046cb       0xd9 C:/Freescale/CW MCU v10.6/MCU/ARM_GCC_Support/ewl/lib/armv6-m\librt.a(ROMCopy.o)
 .debug_loc     0x000047a4      0x197 C:/Freescale/CW MCU v10.6/MCU/ARM_GCC_Support/ewl/lib/armv6-m\librt.a(__arm_eabi_init.o)

.debug_aranges  0x00000000      0xa58
 .debug_aranges
                0x00000000       0x40 ./Generated_Code/servoPWM.o
 .debug_aranges
                0x00000040       0x40 ./Generated_Code/motor2IN2PWM.o
 .debug_aranges
                0x00000080       0x40 ./Generated_Code/motor2IN1PWM.o
 .debug_aranges
                0x000000c0       0x40 ./Generated_Code/motor1IN2PWM.o
 .debug_aranges
                0x00000100       0x40 ./Generated_Code/motor1IN1PWM.o
 .debug_aranges
                0x00000140       0x40 ./Generated_Code/enableMotorBit.o
 .debug_aranges
                0x00000180       0x20 ./Generated_Code/cameraCLK.o
 .debug_aranges
                0x000001a0       0x18 ./Generated_Code/Vectors.o
 .debug_aranges
                0x000001b8       0x40 ./Generated_Code/TimerIntLdd1.o
 .debug_aranges
                0x000001f8       0x40 ./Generated_Code/TU3.o
 .debug_aranges
                0x00000238       0x48 ./Generated_Code/TU2.o
 .debug_aranges
                0x00000280       0x60 ./Generated_Code/TU1.o
 .debug_aranges
                0x000002e0       0x40 ./Generated_Code/RxBuf.o
 .debug_aranges
                0x00000320       0x30 ./Generated_Code/PE_LDD.o
 .debug_aranges
                0x00000350      0x180 ./Generated_Code/Cpu.o
 .debug_aranges
                0x000004d0       0x48 ./Generated_Code/BitIoLdd2.o
 .debug_aranges
                0x00000518       0x40 ./Generated_Code/BitIoLdd1.o
 .debug_aranges
                0x00000558       0x60 ./Generated_Code/AdcLdd2.o
 .debug_aranges
                0x000005b8       0x48 ./Generated_Code/AS1.o
 .debug_aranges
                0x00000600       0x60 ./Generated_Code/AD2.o
 .debug_aranges
                0x00000660       0x30 ./Project_Settings/Startup_Code/__arm_start.o
 .debug_aranges
                0x00000690       0x20 ./Project_Settings/Startup_Code/__arm_end.o
 .debug_aranges
                0x000006b0       0x20 ./Sources/main.o
 .debug_aranges
                0x000006d0       0x38 ./Sources/Motor.o
 .debug_aranges
                0x00000708       0x78 ./Sources/Events.o
 .debug_aranges
                0x00000780       0x58 ./Sources/Application.o
 .debug_aranges
                0x000007d8       0x20 C:/Freescale/CW MCU v10.6/MCU/ARM_GCC_Support/ewl/lib/armv6-m\libc.a(exit.o)
 .debug_aranges
                0x000007f8       0x20 C:/Freescale/CW MCU v10.6/MCU/ARM_GCC_Support/ewl/lib/armv6-m\libc.a(memset.o)
 .debug_aranges
                0x00000818       0x20 C:/Freescale/CW MCU v10.6/MCU/ARM_GCC_Support/ewl/lib/armv6-m\libc.a(strlen.o)
 .debug_aranges
                0x00000838       0x28 C:/Freescale/CW MCU v10.6/MCU/ARM_GCC_Support/ewl/lib/armv6-m\libc.a(printformat_.o)
 .debug_aranges
                0x00000860       0x20 C:/Freescale/CW MCU v10.6/MCU/ARM_GCC_Support/ewl/lib/armv6-m\libc.a(scanformat_.o)
 .debug_aranges
                0x00000880       0x88 C:/Freescale/CW MCU v10.6/MCU/ARM_GCC_Support/ewl/lib/armv6-m\libc.a(ctype_aeabi.o)
 .debug_aranges
                0x00000908       0x20 C:/Freescale/CW MCU v10.6/MCU/ARM_GCC_Support/ewl/lib/armv6-m\libc.a(__strtoul.o)
 .debug_aranges
                0x00000928       0x20 C:/Freescale/CW MCU v10.6/MCU/ARM_GCC_Support/ewl/lib/armv6-m\libc.a(__filll_mem.o)
 .debug_aranges
                0x00000948       0x20 C:/Freescale/CW MCU v10.6/MCU/ARM_GCC_Support/ewl/lib/armv6-m\libc.a(memchr.o)
 .debug_aranges
                0x00000968       0x20 C:/Freescale/CW MCU v10.6/MCU/ARM_GCC_Support/ewl/lib/armv6-m\libc.a(memcpy.o)
 .debug_aranges
                0x00000988       0x20 C:/Freescale/CW MCU v10.6/MCU/ARM_GCC_Support/ewl/lib/armv6-m\libc.a(strchr.o)
 .debug_aranges
                0x000009a8       0x28 C:/Freescale/CW MCU v10.6/MCU/ARM_GCC_Support/ewl/lib/armv6-m\librt.a(gcc_ctor_dtor.o)
 .debug_aranges
                0x000009d0       0x30 C:/Freescale/CW MCU v10.6/MCU/ARM_GCC_Support/ewl/lib/armv6-m\librt.a(ROMCopy.o)
 .debug_aranges
                0x00000a00       0x58 C:/Freescale/CW MCU v10.6/MCU/ARM_GCC_Support/ewl/lib/armv6-m\librt.a(__arm_eabi_init.o)

.debug_macinfo  0x00000000   0x4d8f12
 .debug_macinfo
                0x00000000    0x301e2 ./Generated_Code/servoPWM.o
 .debug_macinfo
                0x000301e2    0x301a3 ./Generated_Code/motor2IN2PWM.o
 .debug_macinfo
                0x00060385    0x301a3 ./Generated_Code/motor2IN1PWM.o
 .debug_macinfo
                0x00090528    0x301a3 ./Generated_Code/motor1IN2PWM.o
 .debug_macinfo
                0x000c06cb    0x301a3 ./Generated_Code/motor1IN1PWM.o
 .debug_macinfo
                0x000f086e    0x2ee5a ./Generated_Code/enableMotorBit.o
 .debug_macinfo
                0x0011f6c8    0x38b01 ./Generated_Code/cameraCLK.o
 .debug_macinfo
                0x001581c9    0x38b31 ./Generated_Code/Vectors.o
 .debug_macinfo
                0x00190cfa    0x2fffa ./Generated_Code/TimerIntLdd1.o
 .debug_macinfo
                0x001c0cf4    0x2fea0 ./Generated_Code/TU3.o
 .debug_macinfo
                0x001f0b94    0x300f1 ./Generated_Code/TU2.o
 .debug_macinfo
                0x00220c85    0x300b0 ./Generated_Code/TU1.o
 .debug_macinfo
                0x00250d35    0x2de96 ./Generated_Code/RxBuf.o
 .debug_macinfo
                0x0027ebcb    0x38ad1 ./Generated_Code/PE_LDD.o
 .debug_macinfo
                0x002b769c    0x38b31 ./Generated_Code/Cpu.o
 .debug_macinfo
                0x002f01cd    0x2ee3b ./Generated_Code/BitIoLdd2.o
 .debug_macinfo
                0x0031f008    0x2ee18 ./Generated_Code/BitIoLdd1.o
 .debug_macinfo
                0x0034de20    0x3351f ./Generated_Code/AdcLdd2.o
 .debug_macinfo
                0x0038133f    0x3c3ee ./Generated_Code/AS1.o
 .debug_macinfo
                0x003bd72d    0x38b54 ./Generated_Code/AD2.o
 .debug_macinfo
                0x003f6281     0x3e6d ./Project_Settings/Startup_Code/__arm_start.o
 .debug_macinfo
                0x003fa0ee     0x3456 ./Project_Settings/Startup_Code/__arm_end.o
 .debug_macinfo
                0x003fd544    0x392df ./Sources/main.o
 .debug_macinfo
                0x00436823    0x30fa5 ./Sources/Motor.o
 .debug_macinfo
                0x004677c8    0x38b5d ./Sources/Events.o
 .debug_macinfo
                0x004a0325    0x38bed ./Sources/Application.o

.debug_line     0x00000000     0x712f
 .debug_line    0x00000000      0x2ee ./Generated_Code/servoPWM.o
 .debug_line    0x000002ee      0x2f3 ./Generated_Code/motor2IN2PWM.o
 .debug_line    0x000005e1      0x2f3 ./Generated_Code/motor2IN1PWM.o
 .debug_line    0x000008d4      0x2f3 ./Generated_Code/motor1IN2PWM.o
 .debug_line    0x00000bc7      0x2f3 ./Generated_Code/motor1IN1PWM.o
 .debug_line    0x00000eba      0x2db ./Generated_Code/enableMotorBit.o
 .debug_line    0x00001195      0x447 ./Generated_Code/cameraCLK.o
 .debug_line    0x000015dc      0x576 ./Generated_Code/Vectors.o
 .debug_line    0x00001b52      0x301 ./Generated_Code/TimerIntLdd1.o
 .debug_line    0x00001e53      0x2f1 ./Generated_Code/TU3.o
 .debug_line    0x00002144      0x327 ./Generated_Code/TU2.o
 .debug_line    0x0000246b      0x353 ./Generated_Code/TU1.o
 .debug_line    0x000027be      0x283 ./Generated_Code/RxBuf.o
 .debug_line    0x00002a41      0x3ef ./Generated_Code/PE_LDD.o
 .debug_line    0x00002e30      0x8c3 ./Generated_Code/Cpu.o
 .debug_line    0x000036f3      0x2e4 ./Generated_Code/BitIoLdd2.o
 .debug_line    0x000039d7      0x2d2 ./Generated_Code/BitIoLdd1.o
 .debug_line    0x00003ca9      0x367 ./Generated_Code/AdcLdd2.o
 .debug_line    0x00004010      0x539 ./Generated_Code/AS1.o
 .debug_line    0x00004549      0x502 ./Generated_Code/AD2.o
 .debug_line    0x00004a4b      0x29f ./Project_Settings/Startup_Code/__arm_start.o
 .debug_line    0x00004cea      0x266 ./Project_Settings/Startup_Code/__arm_end.o
 .debug_line    0x00004f50      0x57f ./Sources/main.o
 .debug_line    0x000054cf      0x36d ./Sources/Motor.o
 .debug_line    0x0000583c      0x519 ./Sources/Events.o
 .debug_line    0x00005d55      0x4fe ./Sources/Application.o
 .debug_line    0x00006253       0x8d C:/Freescale/CW MCU v10.6/MCU/ARM_GCC_Support/ewl/lib/armv6-m\libc.a(exit.o)
 .debug_line    0x000062e0       0x90 C:/Freescale/CW MCU v10.6/MCU/ARM_GCC_Support/ewl/lib/armv6-m\libc.a(memset.o)
 .debug_line    0x00006370       0x85 C:/Freescale/CW MCU v10.6/MCU/ARM_GCC_Support/ewl/lib/armv6-m\libc.a(strlen.o)
 .debug_line    0x000063f5      0x2c3 C:/Freescale/CW MCU v10.6/MCU/ARM_GCC_Support/ewl/lib/armv6-m\libc.a(printformat_.o)
 .debug_line    0x000066b8      0x2be C:/Freescale/CW MCU v10.6/MCU/ARM_GCC_Support/ewl/lib/armv6-m\libc.a(scanformat_.o)
 .debug_line    0x00006976      0x1be C:/Freescale/CW MCU v10.6/MCU/ARM_GCC_Support/ewl/lib/armv6-m\libc.a(ctype_aeabi.o)
 .debug_line    0x00006b34      0x11e C:/Freescale/CW MCU v10.6/MCU/ARM_GCC_Support/ewl/lib/armv6-m\libc.a(__strtoul.o)
 .debug_line    0x00006c52       0xf6 C:/Freescale/CW MCU v10.6/MCU/ARM_GCC_Support/ewl/lib/armv6-m\libc.a(__filll_mem.o)
 .debug_line    0x00006d48       0x9f C:/Freescale/CW MCU v10.6/MCU/ARM_GCC_Support/ewl/lib/armv6-m\libc.a(memchr.o)
 .debug_line    0x00006de7       0x8b C:/Freescale/CW MCU v10.6/MCU/ARM_GCC_Support/ewl/lib/armv6-m\libc.a(memcpy.o)
 .debug_line    0x00006e72       0x7d C:/Freescale/CW MCU v10.6/MCU/ARM_GCC_Support/ewl/lib/armv6-m\libc.a(strchr.o)
 .debug_line    0x00006eef       0x6c C:/Freescale/CW MCU v10.6/MCU/ARM_GCC_Support/ewl/lib/armv6-m\librt.a(gcc_ctor_dtor.o)
 .debug_line    0x00006f5b       0xbd C:/Freescale/CW MCU v10.6/MCU/ARM_GCC_Support/ewl/lib/armv6-m\librt.a(ROMCopy.o)
 .debug_line    0x00007018      0x117 C:/Freescale/CW MCU v10.6/MCU/ARM_GCC_Support/ewl/lib/armv6-m\librt.a(__arm_eabi_init.o)

.debug_str      0x00000000     0x2394
 .debug_str     0x00000000      0x241 ./Generated_Code/servoPWM.o
                                0x281 (size before relaxing)
 .debug_str     0x00000241       0x9a ./Generated_Code/motor2IN2PWM.o
                                0x2ad (size before relaxing)
 .debug_str     0x000002db       0x92 ./Generated_Code/motor2IN1PWM.o
                                0x2ad (size before relaxing)
 .debug_str     0x0000036d       0x92 ./Generated_Code/motor1IN2PWM.o
                                0x2ad (size before relaxing)
 .debug_str     0x000003ff       0x92 ./Generated_Code/motor1IN1PWM.o
                                0x2ad (size before relaxing)
 .debug_str     0x00000491      0x143 ./Generated_Code/enableMotorBit.o
                                0x304 (size before relaxing)
 .debug_str     0x000005d4       0x37 ./Generated_Code/cameraCLK.o
                                0x163 (size before relaxing)
 .debug_str     0x0000060b       0x55 ./Generated_Code/Vectors.o
                                0x170 (size before relaxing)
 .debug_str     0x00000660       0xb3 ./Generated_Code/TimerIntLdd1.o
                                0x28a (size before relaxing)
 .debug_str     0x00000713      0x1cd ./Generated_Code/TU3.o
                                0x3a6 (size before relaxing)
 .debug_str     0x000008e0      0x17f ./Generated_Code/TU2.o
                                0x455 (size before relaxing)
 .debug_str     0x00000a5f       0xe6 ./Generated_Code/TU1.o
                                0x484 (size before relaxing)
 .debug_str     0x00000b45       0xc0 ./Generated_Code/RxBuf.o
                                0x1da (size before relaxing)
 .debug_str     0x00000c05      0x172 ./Generated_Code/PE_LDD.o
                                0x2d3 (size before relaxing)
 .debug_str     0x00000d77      0x446 ./Generated_Code/Cpu.o
                                0x6e8 (size before relaxing)
 .debug_str     0x000011bd       0xb1 ./Generated_Code/BitIoLdd2.o
                                0x2ed (size before relaxing)
 .debug_str     0x0000126e       0xa0 ./Generated_Code/BitIoLdd1.o
                                0x2dc (size before relaxing)
 .debug_str     0x0000130e      0x244 ./Generated_Code/AdcLdd2.o
                                0x596 (size before relaxing)
 .debug_str     0x00001552      0x127 ./Generated_Code/AS1.o
                                0x457 (size before relaxing)
 .debug_str     0x00001679       0xea ./Generated_Code/AD2.o
                                0x276 (size before relaxing)
 .debug_str     0x00001763       0x85 ./Project_Settings/Startup_Code/__arm_start.o
                                0x19e (size before relaxing)
 .debug_str     0x000017e8       0x41 ./Project_Settings/Startup_Code/__arm_end.o
                                 0xd5 (size before relaxing)
 .debug_str     0x00001829       0x43 ./Sources/main.o
                                0x216 (size before relaxing)
 .debug_str     0x0000186c       0xce ./Sources/Motor.o
                                0x210 (size before relaxing)
 .debug_str     0x0000193a      0x17e ./Sources/Events.o
                                0x2f2 (size before relaxing)
 .debug_str     0x00001ab8       0x6a ./Sources/Application.o
                                0x1dd (size before relaxing)
 .debug_str     0x00001b22       0x54 C:/Freescale/CW MCU v10.6/MCU/ARM_GCC_Support/ewl/lib/armv6-m\libc.a(exit.o)
                                0x157 (size before relaxing)
 .debug_str     0x00001b76       0x23 C:/Freescale/CW MCU v10.6/MCU/ARM_GCC_Support/ewl/lib/armv6-m\libc.a(memset.o)
                                0x140 (size before relaxing)
 .debug_str     0x00001b99       0x24 C:/Freescale/CW MCU v10.6/MCU/ARM_GCC_Support/ewl/lib/armv6-m\libc.a(strlen.o)
                                0x140 (size before relaxing)
 .debug_str     0x00001bbd      0x233 C:/Freescale/CW MCU v10.6/MCU/ARM_GCC_Support/ewl/lib/armv6-m\libc.a(printformat_.o)
                                0x3b3 (size before relaxing)
 .debug_str     0x00001df0      0x184 C:/Freescale/CW MCU v10.6/MCU/ARM_GCC_Support/ewl/lib/armv6-m\libc.a(scanformat_.o)
                                0x3f9 (size before relaxing)
 .debug_str     0x00001f74       0x9d C:/Freescale/CW MCU v10.6/MCU/ARM_GCC_Support/ewl/lib/armv6-m\libc.a(ctype_aeabi.o)
                                0x1bc (size before relaxing)
 .debug_str     0x00002011       0x61 C:/Freescale/CW MCU v10.6/MCU/ARM_GCC_Support/ewl/lib/armv6-m\libc.a(__strtoul.o)
                                0x1fb (size before relaxing)
 .debug_str     0x00002072       0x25 C:/Freescale/CW MCU v10.6/MCU/ARM_GCC_Support/ewl/lib/armv6-m\libc.a(__filll_mem.o)
                                0x152 (size before relaxing)
 .debug_str     0x00002097       0x1c C:/Freescale/CW MCU v10.6/MCU/ARM_GCC_Support/ewl/lib/armv6-m\libc.a(memchr.o)
                                0x148 (size before relaxing)
 .debug_str     0x000020b3       0x1c C:/Freescale/CW MCU v10.6/MCU/ARM_GCC_Support/ewl/lib/armv6-m\libc.a(memcpy.o)
                                0x138 (size before relaxing)
 .debug_str     0x000020cf       0x1c C:/Freescale/CW MCU v10.6/MCU/ARM_GCC_Support/ewl/lib/armv6-m\libc.a(strchr.o)
                                0x137 (size before relaxing)
 .debug_str     0x000020eb      0x126 C:/Freescale/CW MCU v10.6/MCU/ARM_GCC_Support/ewl/lib/armv6-m\librt.a(gcc_ctor_dtor.o)
                                0x181 (size before relaxing)
 .debug_str     0x00002211       0x95 C:/Freescale/CW MCU v10.6/MCU/ARM_GCC_Support/ewl/lib/armv6-m\librt.a(ROMCopy.o)
                                0x13c (size before relaxing)
 .debug_str     0x000022a6       0xee C:/Freescale/CW MCU v10.6/MCU/ARM_GCC_Support/ewl/lib/armv6-m\librt.a(__arm_eabi_init.o)
                                0x1b5 (size before relaxing)

.comment        0x00000000       0x79
 .comment       0x00000000       0x79 ./Generated_Code/servoPWM.o
                                 0x7a (size before relaxing)
 .comment       0x00000000       0x7a ./Generated_Code/motor2IN2PWM.o
 .comment       0x00000000       0x7a ./Generated_Code/motor2IN1PWM.o
 .comment       0x00000000       0x7a ./Generated_Code/motor1IN2PWM.o
 .comment       0x00000000       0x7a ./Generated_Code/motor1IN1PWM.o
 .comment       0x00000000       0x7a ./Generated_Code/enableMotorBit.o
 .comment       0x00000000       0x7a ./Generated_Code/cameraCLK.o
 .comment       0x00000000       0x7a ./Generated_Code/Vectors.o
 .comment       0x00000000       0x7a ./Generated_Code/TimerIntLdd1.o
 .comment       0x00000000       0x7a ./Generated_Code/TU3.o
 .comment       0x00000000       0x7a ./Generated_Code/TU2.o
 .comment       0x00000000       0x7a ./Generated_Code/TU1.o
 .comment       0x00000000       0x7a ./Generated_Code/RxBuf.o
 .comment       0x00000000       0x7a ./Generated_Code/PE_LDD.o
 .comment       0x00000000       0x7a ./Generated_Code/Cpu.o
 .comment       0x00000000       0x7a ./Generated_Code/BitIoLdd2.o
 .comment       0x00000000       0x7a ./Generated_Code/BitIoLdd1.o
 .comment       0x00000000       0x7a ./Generated_Code/AdcLdd2.o
 .comment       0x00000000       0x7a ./Generated_Code/AS1.o
 .comment       0x00000000       0x7a ./Generated_Code/AD2.o
 .comment       0x00000000       0x7a ./Project_Settings/Startup_Code/__arm_start.o
 .comment       0x00000000       0x7a ./Project_Settings/Startup_Code/__arm_end.o
 .comment       0x00000000       0x7a ./Sources/main.o
 .comment       0x00000000       0x7a ./Sources/Motor.o
 .comment       0x00000000       0x7a ./Sources/Events.o
 .comment       0x00000000       0x7a ./Sources/Application.o
 .comment       0x00000000       0x7a C:/Freescale/CW MCU v10.6/MCU/ARM_GCC_Support/ewl/lib/armv6-m\libc.a(exit.o)
 .comment       0x00000000       0x7a C:/Freescale/CW MCU v10.6/MCU/ARM_GCC_Support/ewl/lib/armv6-m\libc.a(memset.o)
 .comment       0x00000000       0x7a C:/Freescale/CW MCU v10.6/MCU/ARM_GCC_Support/ewl/lib/armv6-m\libc.a(strlen.o)
 .comment       0x00000000       0x7a C:/Freescale/CW MCU v10.6/MCU/ARM_GCC_Support/ewl/lib/armv6-m\libc.a(printformat_.o)
 .comment       0x00000000       0x7a C:/Freescale/CW MCU v10.6/MCU/ARM_GCC_Support/ewl/lib/armv6-m\libc.a(scanformat_.o)
 .comment       0x00000000       0x7a C:/Freescale/CW MCU v10.6/MCU/ARM_GCC_Support/ewl/lib/armv6-m\libc.a(ctype_aeabi.o)
 .comment       0x00000000       0x7a C:/Freescale/CW MCU v10.6/MCU/ARM_GCC_Support/ewl/lib/armv6-m\libc.a(__strtoul.o)
 .comment       0x00000000       0x7a C:/Freescale/CW MCU v10.6/MCU/ARM_GCC_Support/ewl/lib/armv6-m\libc.a(__filll_mem.o)
 .comment       0x00000000       0x7a C:/Freescale/CW MCU v10.6/MCU/ARM_GCC_Support/ewl/lib/armv6-m\libc.a(memchr.o)
 .comment       0x00000000       0x7a C:/Freescale/CW MCU v10.6/MCU/ARM_GCC_Support/ewl/lib/armv6-m\libc.a(memcpy.o)
 .comment       0x00000000       0x7a C:/Freescale/CW MCU v10.6/MCU/ARM_GCC_Support/ewl/lib/armv6-m\libc.a(strchr.o)
 .comment       0x00000000       0x7a C:/Freescale/CW MCU v10.6/MCU/ARM_GCC_Support/ewl/lib/armv6-m\librt.a(gcc_ctor_dtor.o)
 .comment       0x00000000       0x7a C:/Freescale/CW MCU v10.6/MCU/ARM_GCC_Support/ewl/lib/armv6-m\librt.a(ROMCopy.o)
 .comment       0x00000000       0x7a C:/Freescale/CW MCU v10.6/MCU/ARM_GCC_Support/ewl/lib/armv6-m\librt.a(__arm_eabi_init.o)

.debug_frame    0x00000000     0x1c3c
 .debug_frame   0x00000000       0xb0 ./Generated_Code/servoPWM.o
 .debug_frame   0x000000b0       0xb0 ./Generated_Code/motor2IN2PWM.o
 .debug_frame   0x00000160       0xb0 ./Generated_Code/motor2IN1PWM.o
 .debug_frame   0x00000210       0xb0 ./Generated_Code/motor1IN2PWM.o
 .debug_frame   0x000002c0       0xb0 ./Generated_Code/motor1IN1PWM.o
 .debug_frame   0x00000370       0xb0 ./Generated_Code/enableMotorBit.o
 .debug_frame   0x00000420       0x30 ./Generated_Code/cameraCLK.o
 .debug_frame   0x00000450       0xb0 ./Generated_Code/TimerIntLdd1.o
 .debug_frame   0x00000500       0xb0 ./Generated_Code/TU3.o
 .debug_frame   0x000005b0       0xd0 ./Generated_Code/TU2.o
 .debug_frame   0x00000680      0x130 ./Generated_Code/TU1.o
 .debug_frame   0x000007b0       0xa4 ./Generated_Code/RxBuf.o
 .debug_frame   0x00000854       0x6c ./Generated_Code/PE_LDD.o
 .debug_frame   0x000008c0      0x4fc ./Generated_Code/Cpu.o
 .debug_frame   0x00000dbc       0xd0 ./Generated_Code/BitIoLdd2.o
 .debug_frame   0x00000e8c       0xb0 ./Generated_Code/BitIoLdd1.o
 .debug_frame   0x00000f3c      0x130 ./Generated_Code/AdcLdd2.o
 .debug_frame   0x0000106c       0xd0 ./Generated_Code/AS1.o
 .debug_frame   0x0000113c      0x128 ./Generated_Code/AD2.o
 .debug_frame   0x00001264       0x4c ./Project_Settings/Startup_Code/__arm_start.o
 .debug_frame   0x000012b0       0x30 ./Project_Settings/Startup_Code/__arm_end.o
 .debug_frame   0x000012e0       0x30 ./Sources/main.o
 .debug_frame   0x00001310       0x84 ./Sources/Motor.o
 .debug_frame   0x00001394      0x16c ./Sources/Events.o
 .debug_frame   0x00001500      0x108 ./Sources/Application.o
 .debug_frame   0x00001608       0x2c C:/Freescale/CW MCU v10.6/MCU/ARM_GCC_Support/ewl/lib/armv6-m\libc.a(exit.o)
 .debug_frame   0x00001634       0x28 C:/Freescale/CW MCU v10.6/MCU/ARM_GCC_Support/ewl/lib/armv6-m\libc.a(memset.o)
 .debug_frame   0x0000165c       0x28 C:/Freescale/CW MCU v10.6/MCU/ARM_GCC_Support/ewl/lib/armv6-m\libc.a(strlen.o)
 .debug_frame   0x00001684       0x54 C:/Freescale/CW MCU v10.6/MCU/ARM_GCC_Support/ewl/lib/armv6-m\libc.a(printformat_.o)
 .debug_frame   0x000016d8       0x34 C:/Freescale/CW MCU v10.6/MCU/ARM_GCC_Support/ewl/lib/armv6-m\libc.a(scanformat_.o)
 .debug_frame   0x0000170c      0x158 C:/Freescale/CW MCU v10.6/MCU/ARM_GCC_Support/ewl/lib/armv6-m\libc.a(ctype_aeabi.o)
 .debug_frame   0x00001864       0x30 C:/Freescale/CW MCU v10.6/MCU/ARM_GCC_Support/ewl/lib/armv6-m\libc.a(__strtoul.o)
 .debug_frame   0x00001894       0x2c C:/Freescale/CW MCU v10.6/MCU/ARM_GCC_Support/ewl/lib/armv6-m\libc.a(__filll_mem.o)
 .debug_frame   0x000018c0       0x28 C:/Freescale/CW MCU v10.6/MCU/ARM_GCC_Support/ewl/lib/armv6-m\libc.a(memchr.o)
 .debug_frame   0x000018e8       0x28 C:/Freescale/CW MCU v10.6/MCU/ARM_GCC_Support/ewl/lib/armv6-m\libc.a(memcpy.o)
 .debug_frame   0x00001910       0x28 C:/Freescale/CW MCU v10.6/MCU/ARM_GCC_Support/ewl/lib/armv6-m\libc.a(strchr.o)
 .debug_frame   0x00001938       0x20 c:/freescale/cw mcu v10.6/cross_tools/arm-none-eabi-gcc-4_7_3/bin/../lib/gcc/arm-none-eabi/4.7.3/armv6-m\libgcc.a(_udivsi3.o)
 .debug_frame   0x00001958       0x20 c:/freescale/cw mcu v10.6/cross_tools/arm-none-eabi-gcc-4_7_3/bin/../lib/gcc/arm-none-eabi/4.7.3/armv6-m\libgcc.a(_divsi3.o)
 .debug_frame   0x00001978       0x28 c:/freescale/cw mcu v10.6/cross_tools/arm-none-eabi-gcc-4_7_3/bin/../lib/gcc/arm-none-eabi/4.7.3/armv6-m\libgcc.a(_fixunssfsi.o)
 .debug_frame   0x000019a0       0x2c c:/freescale/cw mcu v10.6/cross_tools/arm-none-eabi-gcc-4_7_3/bin/../lib/gcc/arm-none-eabi/4.7.3/armv6-m\libgcc.a(eqsf2.o)
 .debug_frame   0x000019cc       0x30 c:/freescale/cw mcu v10.6/cross_tools/arm-none-eabi-gcc-4_7_3/bin/../lib/gcc/arm-none-eabi/4.7.3/armv6-m\libgcc.a(gesf2.o)
 .debug_frame   0x000019fc       0x30 c:/freescale/cw mcu v10.6/cross_tools/arm-none-eabi-gcc-4_7_3/bin/../lib/gcc/arm-none-eabi/4.7.3/armv6-m\libgcc.a(lesf2.o)
 .debug_frame   0x00001a2c       0x3c c:/freescale/cw mcu v10.6/cross_tools/arm-none-eabi-gcc-4_7_3/bin/../lib/gcc/arm-none-eabi/4.7.3/armv6-m\libgcc.a(mulsf3.o)
 .debug_frame   0x00001a68       0x30 c:/freescale/cw mcu v10.6/cross_tools/arm-none-eabi-gcc-4_7_3/bin/../lib/gcc/arm-none-eabi/4.7.3/armv6-m\libgcc.a(subsf3.o)
 .debug_frame   0x00001a98       0x28 c:/freescale/cw mcu v10.6/cross_tools/arm-none-eabi-gcc-4_7_3/bin/../lib/gcc/arm-none-eabi/4.7.3/armv6-m\libgcc.a(fixsfsi.o)
 .debug_frame   0x00001ac0       0x2c c:/freescale/cw mcu v10.6/cross_tools/arm-none-eabi-gcc-4_7_3/bin/../lib/gcc/arm-none-eabi/4.7.3/armv6-m\libgcc.a(floatsisf.o)
 .debug_frame   0x00001aec       0x40 C:/Freescale/CW MCU v10.6/MCU/ARM_GCC_Support/ewl/lib/armv6-m\librt.a(gcc_ctor_dtor.o)
 .debug_frame   0x00001b2c       0x54 C:/Freescale/CW MCU v10.6/MCU/ARM_GCC_Support/ewl/lib/armv6-m\librt.a(ROMCopy.o)
 .debug_frame   0x00001b80       0xbc C:/Freescale/CW MCU v10.6/MCU/ARM_GCC_Support/ewl/lib/armv6-m\librt.a(__arm_eabi_init.o)
